Component: ARM Compiler 5.06 update 6 (build 750) Tool: armlink [4d35ed]

==============================================================================

Section Cross References

    startup_stm32f407xx.o(STACK) refers (Special) to heapauxi.o(.text) for __use_two_region_memory
    startup_stm32f407xx.o(HEAP) refers (Special) to heapauxi.o(.text) for __use_two_region_memory
    startup_stm32f407xx.o(RESET) refers (Special) to heapauxi.o(.text) for __use_two_region_memory
    startup_stm32f407xx.o(RESET) refers to startup_stm32f407xx.o(STACK) for __initial_sp
    startup_stm32f407xx.o(RESET) refers to startup_stm32f407xx.o(.text) for Reset_Handler
    startup_stm32f407xx.o(RESET) refers to stm32f4xx_it.o(i.NMI_Handler) for NMI_Handler
    startup_stm32f407xx.o(RESET) refers to stm32f4xx_it.o(i.HardFault_Handler) for HardFault_Handler
    startup_stm32f407xx.o(RESET) refers to stm32f4xx_it.o(i.MemManage_Handler) for MemManage_Handler
    startup_stm32f407xx.o(RESET) refers to stm32f4xx_it.o(i.BusFault_Handler) for BusFault_Handler
    startup_stm32f407xx.o(RESET) refers to stm32f4xx_it.o(i.UsageFault_Handler) for UsageFault_Handler
    startup_stm32f407xx.o(RESET) refers to port.o(.emb_text) for SVC_Handler
    startup_stm32f407xx.o(RESET) refers to stm32f4xx_it.o(i.DebugMon_Handler) for DebugMon_Handler
    startup_stm32f407xx.o(RESET) refers to port.o(i.SysTick_Handler) for SysTick_Handler
    startup_stm32f407xx.o(RESET) refers to stm32f4xx_it.o(i.EXTI0_IRQHandler) for EXTI0_IRQHandler
    startup_stm32f407xx.o(RESET) refers to stm32f4xx_it.o(i.EXTI4_IRQHandler) for EXTI4_IRQHandler
    startup_stm32f407xx.o(RESET) refers to stm32f4xx_it.o(i.DMA1_Stream1_IRQHandler) for DMA1_Stream1_IRQHandler
    startup_stm32f407xx.o(RESET) refers to stm32f4xx_it.o(i.CAN1_RX0_IRQHandler) for CAN1_RX0_IRQHandler
    startup_stm32f407xx.o(RESET) refers to stm32f4xx_it.o(i.EXTI9_5_IRQHandler) for EXTI9_5_IRQHandler
    startup_stm32f407xx.o(RESET) refers to stm32f4xx_it.o(i.TIM3_IRQHandler) for TIM3_IRQHandler
    startup_stm32f407xx.o(RESET) refers to stm32f4xx_it.o(i.USART1_IRQHandler) for USART1_IRQHandler
    startup_stm32f407xx.o(RESET) refers to remote_control.o(i.USART3_IRQHandler) for USART3_IRQHandler
    startup_stm32f407xx.o(RESET) refers to stm32f4xx_it.o(i.TIM7_IRQHandler) for TIM7_IRQHandler
    startup_stm32f407xx.o(RESET) refers to stm32f4xx_it.o(i.DMA2_Stream1_IRQHandler) for DMA2_Stream1_IRQHandler
    startup_stm32f407xx.o(RESET) refers to ins_task.o(i.DMA2_Stream2_IRQHandler) for DMA2_Stream2_IRQHandler
    startup_stm32f407xx.o(RESET) refers to stm32f4xx_it.o(i.DMA2_Stream3_IRQHandler) for DMA2_Stream3_IRQHandler
    startup_stm32f407xx.o(RESET) refers to stm32f4xx_it.o(i.CAN2_RX0_IRQHandler) for CAN2_RX0_IRQHandler
    startup_stm32f407xx.o(RESET) refers to stm32f4xx_it.o(i.DMA2_Stream6_IRQHandler) for DMA2_Stream6_IRQHandler
    startup_stm32f407xx.o(RESET) refers to move_task.o(i.USART6_IRQHandler) for USART6_IRQHandler
    startup_stm32f407xx.o(.text) refers (Special) to heapauxi.o(.text) for __use_two_region_memory
    startup_stm32f407xx.o(.text) refers to system_stm32f4xx.o(i.SystemInit) for SystemInit
    startup_stm32f407xx.o(.text) refers to __main.o(!!!main) for __main
    startup_stm32f407xx.o(.text) refers to startup_stm32f407xx.o(HEAP) for Heap_Mem
    startup_stm32f407xx.o(.text) refers to startup_stm32f407xx.o(STACK) for Stack_Mem
    main.o(i.HAL_TIM_PeriodElapsedCallback) refers to stm32f4xx_hal.o(i.HAL_IncTick) for HAL_IncTick
    main.o(i.SystemClock_Config) refers to rt_memclr_w.o(.text) for __aeabi_memclr4
    main.o(i.SystemClock_Config) refers to stm32f4xx_hal_rcc.o(i.HAL_RCC_OscConfig) for HAL_RCC_OscConfig
    main.o(i.SystemClock_Config) refers to main.o(i.Error_Handler) for Error_Handler
    main.o(i.SystemClock_Config) refers to stm32f4xx_hal_rcc.o(i.HAL_RCC_ClockConfig) for HAL_RCC_ClockConfig
    main.o(i.main) refers to stm32f4xx_hal.o(i.HAL_Init) for HAL_Init
    main.o(i.main) refers to main.o(i.SystemClock_Config) for SystemClock_Config
    main.o(i.main) refers to gpio.o(i.MX_GPIO_Init) for MX_GPIO_Init
    main.o(i.main) refers to dma.o(i.MX_DMA_Init) for MX_DMA_Init
    main.o(i.main) refers to can.o(i.MX_CAN1_Init) for MX_CAN1_Init
    main.o(i.main) refers to spi.o(i.MX_SPI1_Init) for MX_SPI1_Init
    main.o(i.main) refers to can.o(i.MX_CAN2_Init) for MX_CAN2_Init
    main.o(i.main) refers to tim.o(i.MX_TIM5_Init) for MX_TIM5_Init
    main.o(i.main) refers to tim.o(i.MX_TIM10_Init) for MX_TIM10_Init
    main.o(i.main) refers to usart.o(i.MX_USART1_UART_Init) for MX_USART1_UART_Init
    main.o(i.main) refers to usart.o(i.MX_USART3_UART_Init) for MX_USART3_UART_Init
    main.o(i.main) refers to usart.o(i.MX_USART6_UART_Init) for MX_USART6_UART_Init
    main.o(i.main) refers to tim.o(i.MX_TIM4_Init) for MX_TIM4_Init
    main.o(i.main) refers to spi.o(i.MX_SPI2_Init) for MX_SPI2_Init
    main.o(i.main) refers to tim.o(i.MX_TIM7_Init) for MX_TIM7_Init
[...]
    HAL_DMA_Abort                            0x08001ef3   Thumb Code   172  stm32f4xx_hal_dma.o(i.HAL_DMA_Abort)
    HAL_DMA_Abort_IT                         0x08001f9f   Thumb Code    40  stm32f4xx_hal_dma.o(i.HAL_DMA_Abort_IT)
    HAL_DMA_IRQHandler                       0x08001fc9   Thumb Code   570  stm32f4xx_hal_dma.o(i.HAL_DMA_IRQHandler)
    HAL_DMA_Init                             0x08002209   Thumb Code   232  stm32f4xx_hal_dma.o(i.HAL_DMA_Init)
    HAL_Delay                                0x080022f5   Thumb Code    36  stm32f4xx_hal.o(i.HAL_Delay)
    HAL_GPIO_EXTI_Callback                   0x0800231d   Thumb Code   116  ins_task.o(i.HAL_GPIO_EXTI_Callback)
    HAL_GPIO_EXTI_IRQHandler                 0x080023ad   Thumb Code    24  stm32f4xx_hal_gpio.o(i.HAL_GPIO_EXTI_IRQHandler)
    HAL_GPIO_Init                            0x080023c9   Thumb Code   454  stm32f4xx_hal_gpio.o(i.HAL_GPIO_Init)
    HAL_GPIO_WritePin                        0x080025bd   Thumb Code    12  stm32f4xx_hal_gpio.o(i.HAL_GPIO_WritePin)
    HAL_GetTick                              0x080025c9   Thumb Code     6  stm32f4xx_hal.o(i.HAL_GetTick)
    HAL_IncTick                              0x080025d5   Thumb Code    16  stm32f4xx_hal.o(i.HAL_IncTick)
    HAL_Init                                 0x080025ed   Thumb Code    54  stm32f4xx_hal.o(i.HAL_Init)
    HAL_InitTick                             0x08002629   Thumb Code   160  stm32f4xx_hal_timebase_tim.o(i.HAL_InitTick)
    HAL_MspInit                              0x080026dd   Thumb Code    78  stm32f4xx_hal_msp.o(i.HAL_MspInit)
    HAL_NVIC_EnableIRQ                       0x08002731   Thumb Code    32  stm32f4xx_hal_cortex.o(i.HAL_NVIC_EnableIRQ)
    HAL_NVIC_SetPriority                     0x08002751   Thumb Code   124  stm32f4xx_hal_cortex.o(i.HAL_NVIC_SetPriority)
    HAL_NVIC_SetPriorityGrouping             0x080027cd   Thumb Code    32  stm32f4xx_hal_cortex.o(i.HAL_NVIC_SetPriorityGrouping)
    HAL_RCC_ClockConfig                      0x080027f5   Thumb Code   368  stm32f4xx_hal_rcc.o(i.HAL_RCC_ClockConfig)
    HAL_RCC_GetClockConfig                   0x08002979   Thumb Code    58  stm32f4xx_hal_rcc.o(i.HAL_RCC_GetClockConfig)
    HAL_RCC_GetHCLKFreq                      0x080029bd   Thumb Code     6  stm32f4xx_hal_rcc.o(i.HAL_RCC_GetHCLKFreq)
    HAL_RCC_GetPCLK1Freq                     0x080029c9   Thumb Code    22  stm32f4xx_hal_rcc.o(i.HAL_RCC_GetPCLK1Freq)
    HAL_RCC_GetPCLK2Freq                     0x080029e9   Thumb Code    22  stm32f4xx_hal_rcc.o(i.HAL_RCC_GetPCLK2Freq)
    HAL_RCC_GetSysClockFreq                  0x08002a09   Thumb Code   162  stm32f4xx_hal_rcc.o(i.HAL_RCC_GetSysClockFreq)
    HAL_RCC_OscConfig                        0x08002ab9   Thumb Code  1172  stm32f4xx_hal_rcc.o(i.HAL_RCC_OscConfig)
    HAL_SPI_Init                             0x08002f55   Thumb Code   200  stm32f4xx_hal_spi.o(i.HAL_SPI_Init)
    HAL_SPI_MspInit                          0x0800301d   Thumb Code   426  spi.o(i.HAL_SPI_MspInit)
    HAL_SPI_TransmitReceive                  0x080031e9   Thumb Code   554  stm32f4xx_hal_spi.o(i.HAL_SPI_TransmitReceive)
    HAL_TIMEx_BreakCallback                  0x08003413   Thumb Code     2  stm32f4xx_hal_tim_ex.o(i.HAL_TIMEx_BreakCallback)
    HAL_TIMEx_CommutCallback                 0x08003415   Thumb Code     2  stm32f4xx_hal_tim_ex.o(i.HAL_TIMEx_CommutCallback)
    HAL_TIMEx_MasterConfigSynchronization    0x08003419   Thumb Code   150  stm32f4xx_hal_tim_ex.o(i.HAL_TIMEx_MasterConfigSynchronization)
    HAL_TIM_Base_Init                        0x080034cd   Thumb Code   102  stm32f4xx_hal_tim.o(i.HAL_TIM_Base_Init)
    HAL_TIM_Base_MspInit                     0x08003535   Thumb Code   148  tim.o(i.HAL_TIM_Base_MspInit)
    HAL_TIM_Base_Start_IT                    0x080035d9   Thumb Code   138  stm32f4xx_hal_tim.o(i.HAL_TIM_Base_Start_IT)
    HAL_TIM_ConfigClockSource                0x08003681   Thumb Code   268  stm32f4xx_hal_tim.o(i.HAL_TIM_ConfigClockSource)
    HAL_TIM_IC_CaptureCallback               0x0800378d   Thumb Code     2  stm32f4xx_hal_tim.o(i.HAL_TIM_IC_CaptureCallback)
    HAL_TIM_IRQHandler                       0x0800378f   Thumb Code   406  stm32f4xx_hal_tim.o(i.HAL_TIM_IRQHandler)
    HAL_TIM_MspPostInit                      0x08003925   Thumb Code   228  tim.o(i.HAL_TIM_MspPostInit)
    HAL_TIM_OC_DelayElapsedCallback          0x08003a25   Thumb Code     2  stm32f4xx_hal_tim.o(i.HAL_TIM_OC_DelayElapsedCallback)
    HAL_TIM_PWM_ConfigChannel                0x08003a27   Thumb Code   260  stm32f4xx_hal_tim.o(i.HAL_TIM_PWM_ConfigChannel)
    HAL_TIM_PWM_Init                         0x08003b2b   Thumb Code   102  stm32f4xx_hal_tim.o(i.HAL_TIM_PWM_Init)
    HAL_TIM_PWM_MspInit                      0x08003b91   Thumb Code    44  tim.o(i.HAL_TIM_PWM_MspInit)
    HAL_TIM_PWM_PulseFinishedCallback        0x08003bc5   Thumb Code     2  stm32f4xx_hal_tim.o(i.HAL_TIM_PWM_PulseFinishedCallback)
    HAL_TIM_PWM_Start                        0x08003bc9   Thumb Code   238  stm32f4xx_hal_tim.o(i.HAL_TIM_PWM_Start)
    HAL_TIM_PeriodElapsedCallback            0x08003cd5   Thumb Code    18  main.o(i.HAL_TIM_PeriodElapsedCallback)
    HAL_TIM_TriggerCallback                  0x08003ced   Thumb Code     2  stm32f4xx_hal_tim.o(i.HAL_TIM_TriggerCallback)
    HAL_UARTEx_RxEventCallback               0x08003cef   Thumb Code     2  stm32f4xx_hal_uart.o(i.HAL_UARTEx_RxEventCallback)
    HAL_UART_ErrorCallback                   0x08003cf1   Thumb Code     2  stm32f4xx_hal_uart.o(i.HAL_UART_ErrorCallback)
    HAL_UART_IRQHandler                      0x08003cf5   Thumb Code   732  stm32f4xx_hal_uart.o(i.HAL_UART_IRQHandler)
    HAL_UART_Init                            0x08003fd5   Thumb Code   114  stm32f4xx_hal_uart.o(i.HAL_UART_Init)
    HAL_UART_MspInit                         0x08004049   Thumb Code   646  usart.o(i.HAL_UART_MspInit)
    HAL_UART_RxCpltCallback                  0x08004305   Thumb Code     2  stm32f4xx_hal_uart.o(i.HAL_UART_RxCpltCallback)
    HAL_UART_TxCpltCallback                  0x08004307   Thumb Code     2  stm32f4xx_hal_uart.o(i.HAL_UART_TxCpltCallback)
    HardFault_Handler                        0x08004309   Thumb Code     4  stm32f4xx_it.o(i.HardFault_Handler)
    Ins_Task                                 0x0800430d   Thumb Code   480  ins_task.o(i.Ins_Task)
    Led_Task                                 0x08004551   Thumb Code   812  led_task.o(i.Led_Task)
    MX_CAN1_Init                             0x08004901   Thumb Code    58  can.o(i.MX_CAN1_Init)
    MX_CAN2_Init                             0x08004945   Thumb Code    58  can.o(i.MX_CAN2_Init)
    MX_DMA_Init                              0x08004989   Thumb Code   146  dma.o(i.MX_DMA_Init)
    MX_FREERTOS_Init                         0x08004a21   Thumb Code   198  freertos.o(i.MX_FREERTOS_Init)
    MX_GPIO_Init                             0x08004b0d   Thumb Code   406  gpio.o(i.MX_GPIO_Init)
    MX_SPI1_Init                             0x08004cb9   Thumb Code    62  spi.o(i.MX_SPI1_Init)
    MX_SPI2_Init                             0x08004d01   Thumb Code    62  spi.o(i.MX_SPI2_Init)
    MX_TIM10_Init                            0x08004d49   Thumb Code   100  tim.o(i.MX_TIM10_Init)
    MX_TIM4_Init                             0x08004db5   Thumb Code   114  tim.o(i.MX_TIM4_Init)
    MX_TIM5_Init                             0x08004e31   Thumb Code   186  tim.o(i.MX_TIM5_Init)
    MX_TIM7_Init                             0x08004ef5   Thumb Code    66  tim.o(i.MX_TIM7_Init)
    MX_USART1_UART_Init                      0x08004f41   Thumb Code    46  usart.o(i.MX_USART1_UART_Init)
    MX_USART3_UART_Init                      0x08004f79   Thumb Code    48  usart.o(i.MX_USART3_UART_Init)
    MX_USART6_UART_Init                      0x08004fb5   Thumb Code    46  usart.o(i.MX_USART6_UART_Init)
    MemManage_Handler                        0x08004fed   Thumb Code     4  stm32f4xx_it.o(i.MemManage_Handler)
    NMI_Handler                              0x08004ff1   Thumb Code     4  stm32f4xx_it.o(i.NMI_Handler)
    PID_init                                 0x08004ff5   Thumb Code    92  pid.o(i.PID_init)
    PS2_task                                 0x08005055   Thumb Code   102  ps2_task.o(i.PS2_task)
    Ps2Decode                                0x080050c9   Thumb Code   344  ps2_task.o(i.Ps2Decode)
    RC_Init                                  0x0800522d   Thumb Code   142  bsp_usart.o(i.RC_Init)
    SPI1_DMA_enable                          0x080052c9   Thumb Code 10024  bsp_spi.o(i.SPI1_DMA_enable)
    SPI1_DMA_init                            0x08007a05   Thumb Code   360  bsp_spi.o(i.SPI1_DMA_init)
    Spi2RequestPs2Data                       0x08007cc9   Thumb Code   190  ps2_task.o(i.Spi2RequestPs2Data)
    StartDefaultTask                         0x08007d99   Thumb Code    10  freertos.o(i.StartDefaultTask)
    SysTick_Handler                          0x08007da5   Thumb Code    38  port.o(i.SysTick_Handler)
    SystemClock_Config                       0x08007dd1   Thumb Code   170  main.o(i.SystemClock_Config)
    SystemInit                               0x08007e85   Thumb Code    14  system_stm32f4xx.o(i.SystemInit)
    TIM3_IRQHandler                          0x08007e99   Thumb Code    10  stm32f4xx_it.o(i.TIM3_IRQHandler)
    TIM7_IRQHandler                          0x08007ea9   Thumb Code    10  stm32f4xx_it.o(i.TIM7_IRQHandler)
    TIM_Base_SetConfig                       0x08007eb9   Thumb Code   170  stm32f4xx_hal_tim.o(i.TIM_Base_SetConfig)
    TIM_CCxChannelCmd                        0x08007f91   Thumb Code    34  stm32f4xx_hal_tim.o(i.TIM_CCxChannelCmd)
    TIM_ETR_SetConfig                        0x08007fb3   Thumb Code    22  stm32f4xx_hal_tim.o(i.TIM_ETR_SetConfig)
    TIM_OC2_SetConfig                        0x0800804d   Thumb Code   114  stm32f4xx_hal_tim.o(i.TIM_OC2_SetConfig)
    USART1_IRQHandler                        0x08008609   Thumb Code    10  stm32f4xx_it.o(i.USART1_IRQHandler)
    USART3_IRQHandler                        0x08008619   Thumb Code   264  remote_control.o(i.USART3_IRQHandler)
    USART6_IRQHandler                        0x0800873d   Thumb Code   294  move_task.o(i.USART6_IRQHandler)
    UsageFault_Handler                       0x08008879   Thumb Code     4  stm32f4xx_it.o(i.UsageFault_Handler)
    __ARM_fpclassify                         0x0800887d   Thumb Code    48  fpclassify.o(i.__ARM_fpclassify)
    __ARM_fpclassifyf                        0x080088ad   Thumb Code    38  fpclassifyf.o(i.__ARM_fpclassifyf)
    __hardfp_acos                            0x08008911   Thumb Code   738  acos.o(i.__hardfp_acos)
    __hardfp_atan                            0x08008c69   Thumb Code   622  atan.o(i.__hardfp_atan)
    __hardfp_atan2                           0x08008f41   Thumb Code   432  atan2.o(i.__hardfp_atan2)
    __hardfp_atan2f                          0x08009131   Thumb Code   502  atan2f.o(i.__hardfp_atan2f)
    __hardfp_cosf                            0x08009381   Thumb Code   280  cosf.o(i.__hardfp_cosf)
    __hardfp_fabs                            0x080094d1   Thumb Code    20  fabs.o(i.__hardfp_fabs)
    __hardfp_sin                             0x080094e9   Thumb Code   180  sin.o(i.__hardfp_sin)
    __hardfp_sinf                            0x080095b1   Thumb Code   344  sinf.o(i.__hardfp_sinf)
    __ieee754_rem_pio2                       0x08009741   Thumb Code   938  rred.o(i.__ieee754_rem_pio2)
    __kernel_cos                             0x08009b79   Thumb Code   322  cos_i.o(i.__kernel_cos)
    __kernel_poly                            0x08009ce9   Thumb Code   248  poly.o(i.__kernel_poly)
    __kernel_sin                             0x08009de1   Thumb Code   280  sin_i.o(i.__kernel_sin)
    __mathlib_dbl_infnan                     0x08009f11   Thumb Code    20  dunder.o(i.__mathlib_dbl_infnan)
    __mathlib_dbl_infnan2                    0x08009f25   Thumb Code    20  dunder.o(i.__mathlib_dbl_infnan2)
    __mathlib_dbl_invalid                    0x08009f39   Thumb Code    24  dunder.o(i.__mathlib_dbl_invalid)
    __mathlib_dbl_underflow                  0x08009f59   Thumb Code    24  dunder.o(i.__mathlib_dbl_underflow)
    __mathlib_flt_infnan                     0x08009f79   Thumb Code     6  funder.o(i.__mathlib_flt_infnan)
    __mathlib_flt_infnan2                    0x08009f7f   Thumb Code     6  funder.o(i.__mathlib_flt_infnan2)
    __mathlib_flt_invalid                    0x08009f85   Thumb Code    10  funder.o(i.__mathlib_flt_invalid)
    __mathlib_flt_underflow                  0x08009f95   Thumb Code    10  funder.o(i.__mathlib_flt_underflow)
    __mathlib_rredf2                         0x08009fa5   Thumb Code   316  rredf.o(i.__mathlib_rredf2)
    _sys_exit                                0x0800a0f9   Thumb Code     4  usart.o(i._sys_exit)
    aRGB_led_show                            0x0800a0fd   Thumb Code    82  bsp_led.o(i.aRGB_led_show)
    abs_limit                                0x0800a165   Thumb Code    48  math_lib.o(i.abs_limit)
    atan                                     0x0800a195   Thumb Code    16  atan.o(i.atan)
    bmi088_accel_init                        0x0800a1a5   Thumb Code   302  bmi088driver.o(i.bmi088_accel_init)
    bmi088_accel_self_test                   0x0800a2d9   Thumb Code   760  bmi088driver.o(i.bmi088_accel_self_test)
    bmi088_gyro_init                         0x0800a5d5   Thumb Code   238  bmi088driver.o(i.bmi088_gyro_init)
    bmi088_gyro_self_test                    0x0800a6c9   Thumb Code   208  bmi088driver.o(i.bmi088_gyro_self_test)
    can_filter_init                          0x0800a799   Thumb Code    84  bsp_can.o(i.can_filter_init)
    delay_init                               0x0800a7f5   Thumb Code    32  bsp_delay.o(i.delay_init)
    delay_us                                 0x0800a825   Thumb Code    76  bsp_delay.o(i.delay_us)
    fabs                                     0x0800a875   Thumb Code    24  fabs.o(i.fabs)
    float_to_uint                            0x0800a88d   Thumb Code    50  math_lib.o(i.float_to_uint)
    fn_AHRS_init                             0x0800a8c1   Thumb Code   450  ins_task.o(i.fn_AHRS_init)
    fn_BuzzerClose                           0x0800aa89   Thumb Code    10  buzzer_task.o(i.fn_BuzzerClose)
    fn_BuzzerPrompt                          0x0800aa99   Thumb Code    42  buzzer_task.o(i.fn_BuzzerPrompt)
    fn_CalibrationInit                       0x0800aac5   Thumb Code    76  calibrate_task.o(i.fn_CalibrationInit)
    fn_CalibrationStart                      0x0800ab45   Thumb Code    96  calibrate_task.o(i.fn_CalibrationStart)
    fn_DM_start_motor                        0x0800abc1   Thumb Code    70  can_task.o(i.fn_DM_start_motor)
    fn_Fp32Limit                             0x0800ac0d   Thumb Code    40  math_lib.o(i.fn_Fp32Limit)
    fn_GyroCalibration                       0x0800ac35   Thumb Code   196  calibrate_task.o(i.fn_GyroCalibration)
    fn_INSInit                               0x0800ad21   Thumb Code    72  ins_task.o(i.fn_INSInit)
    fn_InvSqrt                               0x0800ad75   Thumb Code    56  math_lib.o(i.fn_InvSqrt)
    fn_MahonyAHRSupdateIMU                   0x0800adb1   Thumb Code   742  ins_task.o(i.fn_MahonyAHRSupdateIMU)
    fn_MoveControl                           0x0800b0b9   Thumb Code  1342  move_task.o(i.fn_MoveControl)
    fn_PidClac                               0x0800b619   Thumb Code   182  pid.o(i.fn_PidClac)
    fn_PidInit                               0x0800b6d1   Thumb Code   106  pid.o(i.fn_PidInit)
    fn_cmd_CAN1GimbalMotor                   0x0800b741   Thumb Code    76  can_task.o(i.fn_cmd_CAN1GimbalMotor)
    fn_ctrl_DM_motor                         0x0800b791   Thumb Code   234  can_task.o(i.fn_ctrl_DM_motor)
    fn_low_filter                            0x0800b889   Thumb Code    26  filter.o(i.fn_low_filter)
    fn_moveInit                              0x0800b8a5   Thumb Code    22  move_task.o(i.fn_moveInit)
    fn_moveMode                              0x0800b8c1   Thumb Code   268  move_task.o(i.fn_moveMode)
    fn_moveMotorMode                         0x0800b9e5   Thumb Code   130  move_task.o(i.fn_moveMotorMode)
    fn_move_feedback_update                  0x0800ba6d   Thumb Code    82  move_task.o(i.fn_move_feedback_update)
    fn_move_mode_change_control_transit      0x0800bac5   Thumb Code    54  move_task.o(i.fn_move_mode_change_control_transit)
    fn_move_motor_init                       0x0800bb01   Thumb Code   114  move_task.o(i.fn_move_motor_init)
    get_dm_motor_data                        0x0800bb9d   Thumb Code   112  can_task.o(i.get_dm_motor_data)
    get_motor_measure                        0x0800bc0d   Thumb Code    44  can_task.o(i.get_motor_measure)
    imu_cmd_spi_dma                          0x0800bc39   Thumb Code   374  ins_task.o(i.imu_cmd_spi_dma)
    imu_temp_control                         0x0800bde1   Thumb Code   132  ins_task.o(i.imu_temp_control)
    init_ecd_record                          0x0800be7d   Thumb Code    22  can_task.o(i.init_ecd_record)
    main                                     0x0800be95   Thumb Code   170  main.o(i.main)
    mode_set_task                            0x0800bfd1   Thumb Code    38  mode_set_task.o(i.mode_set_task)
    move_task                                0x0800c0d1   Thumb Code   258  move_task.o(i.move_task)
    osDelay                                  0x0800c1f5   Thumb Code    16  cmsis_os.o(i.osDelay)
    osKernelStart                            0x0800c205   Thumb Code    10  cmsis_os.o(i.osKernelStart)
    osThreadCreate                           0x0800c20f   Thumb Code    92  cmsis_os.o(i.osThreadCreate)
    pcTaskGetName                            0x0800c26d   Thumb Code    30  tasks.o(i.pcTaskGetName)
    pvPortMalloc                             0x0800c6c1   Thumb Code   224  heap_4.o(i.pvPortMalloc)
    pxPortInitialiseStack                    0x0800c7a9   Thumb Code    38  port.o(i.pxPortInitialiseStack)
    quaternion2eulers                        0x0800c7d5   Thumb Code  1240  ins_task.o(i.quaternion2eulers)
    remote_control_init                      0x0800cce1   Thumb Code    16  remote_control.o(i.remote_control_init)
    sbus_to_rc                               0x0800ccf5   Thumb Code   308  remote_control.o(i.sbus_to_rc)
    sqrt                                     0x0800ce31   Thumb Code   110  sqrt.o(i.sqrt)
    tim1                                     0x0800cea1   Thumb Code    72  buzzer_task.o(i.tim1)
    tim2                                     0x0800cef5   Thumb Code    72  buzzer_task.o(i.tim2)
    tim3                                     0x0800cf49   Thumb Code    72  buzzer_task.o(i.tim3)
    uint_to_float                            0x0800cf9d   Thumb Code    52  math_lib.o(i.uint_to_float)
    ulTaskNotifyTake                         0x0800cfd1   Thumb Code    96  tasks.o(i.ulTaskNotifyTake)
    uxListRemove                             0x0800d039   Thumb Code    38  list.o(i.uxListRemove)
    uxTaskGetStackHighWaterMark              0x0800d061   Thumb Code    14  tasks.o(i.uxTaskGetStackHighWaterMark)
    vApplicationGetIdleTaskMemory            0x0800d075   Thumb Code    14  freertos.o(i.vApplicationGetIdleTaskMemory)
    vListInitialise                          0x0800d08d   Thumb Code    22  list.o(i.vListInitialise)
    vListInitialiseItem                      0x0800d0a3   Thumb Code     6  list.o(i.vListInitialiseItem)
    vListInsert                              0x0800d0a9   Thumb Code    54  list.o(i.vListInsert)
    vListInsertEnd                           0x0800d0df   Thumb Code    24  list.o(i.vListInsertEnd)
    vPortEnterCritical                       0x0800d0f9   Thumb Code    54  port.o(i.vPortEnterCritical)
    vPortExitCritical                        0x0800d139   Thumb Code    38  port.o(i.vPortExitCritical)
    vPortFree                                0x0800d165   Thumb Code    94  heap_4.o(i.vPortFree)
    vPortSetupTimerInterrupt                 0x0800d1c9   Thumb Code    32  port.o(i.vPortSetupTimerInterrupt)
    vPortValidateInterruptPriority           0x0800d1ed   Thumb Code    74  port.o(i.vPortValidateInterruptPriority)
    vTaskDelay                               0x0800d241   Thumb Code    70  tasks.o(i.vTaskDelay)
    vTaskNotifyGiveFromISR                   0x0800d291   Thumb Code   176  tasks.o(i.vTaskNotifyGiveFromISR)
    vTaskStartScheduler                      0x0800d34d   Thumb Code   120  tasks.o(i.vTaskStartScheduler)
    vTaskSuspendAll                          0x0800d3d5   Thumb Code    10  tasks.o(i.vTaskSuspendAll)
    vTaskSwitchContext                       0x0800d3e5   Thumb Code    86  tasks.o(i.vTaskSwitchContext)
    xPortStartScheduler                      0x0800d445   Thumb Code   232  port.o(i.xPortStartScheduler)
    xTaskCreate                              0x0800d549   Thumb Code   108  tasks.o(i.xTaskCreate)
    xTaskCreateStatic                        0x0800d5b5   Thumb Code    96  tasks.o(i.xTaskCreateStatic)
    xTaskGetHandle                           0x0800d615   Thumb Code   124  tasks.o(i.xTaskGetHandle)
    xTaskGetSchedulerState                   0x0800d6a1   Thumb Code    24  tasks.o(i.xTaskGetSchedulerState)
    xTaskIncrementTick                       0x0800d6bd   Thumb Code   202  tasks.o(i.xTaskIncrementTick)
    xTaskResumeAll                           0x0800d791   Thumb Code   190  tasks.o(i.xTaskResumeAll)
    __aeabi_dneg                             0x0800d85d   Thumb Code     0  basic.o(x$fpl$basic)
    _dneg                                    0x0800d85d   Thumb Code     6  basic.o(x$fpl$basic)
    __aeabi_fneg                             0x0800d863   Thumb Code     0  basic.o(x$fpl$basic)
    _fneg                                    0x0800d863   Thumb Code     6  basic.o(x$fpl$basic)
    _dabs                                    0x0800d869   Thumb Code     6  basic.o(x$fpl$basic)
    _fabs                                    0x0800d86f   Thumb Code     6  basic.o(x$fpl$basic)
    __aeabi_d2f                              0x0800d875   Thumb Code     0  d2f.o(x$fpl$d2f)
    _d2f                                     0x0800d875   Thumb Code    98  d2f.o(x$fpl$d2f)
    __aeabi_dadd                             0x0800d8d9   Thumb Code     0  daddsub_clz.o(x$fpl$dadd)
    _dadd                                    0x0800d8d9   Thumb Code   332  daddsub_clz.o(x$fpl$dadd)
    __fpl_dcmp_Inf                           0x0800da29   Thumb Code    24  dcmpi.o(x$fpl$dcmpinf)
    __aeabi_ddiv                             0x0800da41   Thumb Code     0  ddiv.o(x$fpl$ddiv)
    _ddiv                                    0x0800da41   Thumb Code   552  ddiv.o(x$fpl$ddiv)
    __aeabi_d2iz                             0x0800dcf1   Thumb Code     0  dfix.o(x$fpl$dfix)
    _dfix                                    0x0800dcf1   Thumb Code    94  dfix.o(x$fpl$dfix)
    __aeabi_d2uiz                            0x0800dd51   Thumb Code     0  dfixu.o(x$fpl$dfixu)
    _dfixu                                   0x0800dd51   Thumb Code    90  dfixu.o(x$fpl$dfixu)
    __aeabi_i2d                              0x0800ddab   Thumb Code     0  dflt_clz.o(x$fpl$dflt)
    _dflt                                    0x0800ddab   Thumb Code    46  dflt_clz.o(x$fpl$dflt)
    __aeabi_ui2d                             0x0800ddd9   Thumb Code     0  dflt_clz.o(x$fpl$dfltu)
    _dfltu                                   0x0800ddd9   Thumb Code    38  dflt_clz.o(x$fpl$dfltu)
    __aeabi_cdcmple                          0x0800de01   Thumb Code     0  dleqf.o(x$fpl$dleqf)
    _dcmple                                  0x0800de01   Thumb Code   120  dleqf.o(x$fpl$dleqf)
    __fpl_dcmple_InfNaN                      0x0800de63   Thumb Code     0  dleqf.o(x$fpl$dleqf)
    __aeabi_dmul                             0x0800de79   Thumb Code     0  dmul.o(x$fpl$dmul)
    _dmul                                    0x0800de79   Thumb Code   332  dmul.o(x$fpl$dmul)
    __fpl_dnaninf                            0x0800dfcd   Thumb Code   156  dnaninf.o(x$fpl$dnaninf)
    __fpl_dretinf                            0x0800e069   Thumb Code    12  dretinf.o(x$fpl$dretinf)
    __aeabi_cdrcmple                         0x0800e075   Thumb Code     0  drleqf.o(x$fpl$drleqf)
    _drcmple                                 0x0800e075   Thumb Code   108  drleqf.o(x$fpl$drleqf)
    __aeabi_drsub                            0x0800e0e1   Thumb Code     0  daddsub_clz.o(x$fpl$drsb)
    _drsb                                    0x0800e0e1   Thumb Code    22  daddsub_clz.o(x$fpl$drsb)
    _dsqrt                                   0x0800e0f9   Thumb Code   404  dsqrt_umaal.o(x$fpl$dsqrt)
    __aeabi_dsub                             0x0800e291   Thumb Code     0  daddsub_clz.o(x$fpl$dsub)
    _dsub                                    0x0800e291   Thumb Code   464  daddsub_clz.o(x$fpl$dsub)
    __aeabi_f2d                              0x0800e465   Thumb Code     0  f2d.o(x$fpl$f2d)
    _f2d                                     0x0800e465   Thumb Code    86  f2d.o(x$fpl$f2d)
    __fpl_fnaninf                            0x0800e4bb   Thumb Code   140  fnaninf.o(x$fpl$fnaninf)
    _fp_init                                 0x0800e547   Thumb Code    10  fpinit.o(x$fpl$fpinit)
    __fplib_config_fpu_vfp                   0x0800e54f   Thumb Code     0  fpinit.o(x$fpl$fpinit)
    __fplib_config_pureend_doubles           0x0800e54f   Thumb Code     0  fpinit.o(x$fpl$fpinit)
    __fpl_fretinf                            0x0800e551   Thumb Code    10  fretinf.o(x$fpl$fretinf)
    __I$use$fp                               0x0800e55a   Number         0  usenofp.o(x$fpl$usenofp)
    AHBPrescTable                            0x0800e644   Data          16  system_stm32f4xx.o(.constdata)
    APBPrescTable                            0x0800e654   Data           8  system_stm32f4xx.o(.constdata)
    __mathlib_zero                           0x0800e7b0   Data           8  qnan.o(.constdata)
    Region$$Table$$Base                      0x0800e930   Number         0  anon$$obj.o(Region$$Table)
    Region$$Table$$Limit                     0x0800e950   Number         0  anon$$obj.o(Region$$Table)
    defaultTaskHandle                        0x20000000   Data           4  freertos.o(.data)
    led_taskHandle                           0x20000004   Data           4  freertos.o(.data)
    ins_taskHandle                           0x20000008   Data           4  freertos.o(.data)
    calibrate_taskHandle                     0x2000000c   Data           4  freertos.o(.data)
    buzzer_taskHandle                        0x20000010   Data           4  freertos.o(.data)
    PS2_ControlHandle                        0x20000014   Data           4  freertos.o(.data)
    Move_TaskHandle                          0x20000018   Data           4  freertos.o(.data)
    ModeSet_TaskHandle                       0x2000001c   Data           4  freertos.o(.data)
    uwTick                                   0x20000024   Data           4  stm32f4xx_hal.o(.data)
    uwTickPrio                               0x20000028   Data           4  stm32f4xx_hal.o(.data)
    uwTickFreq                               0x2000002c   Data           1  stm32f4xx_hal.o(.data)
    SystemCoreClock                          0x20000030   Data           4  system_stm32f4xx.o(.data)
    ins_num                                  0x20000034   Data           1  ins_task.o(.data)
    gyro_dma_rx_buf                          0x2000003c   Data           8  ins_task.o(.data)
    gyro_dma_tx_buf                          0x20000044   Data           8  ins_task.o(.data)
    accel_dma_tx_buf                         0x2000004c   Data           9  ins_task.o(.data)
    accel_temp_dma_rx_buf                    0x20000055   Data           4  ins_task.o(.data)
    accel_temp_dma_tx_buf                    0x20000059   Data           4  ins_task.o(.data)
    gyro_update_flag                         0x2000005d   Data           1  ins_task.o(.data)
    accel_update_flag                        0x2000005e   Data           1  ins_task.o(.data)
    accel_temp_update_flag                   0x2000005f   Data           1  ins_task.o(.data)
    imu_start_dma_flag                       0x20000060   Data           1  ins_task.o(.data)
    first_temperate                          0x20000061   Data           1  ins_task.o(.data)
    timing_time                              0x20000064   Data           4  ins_task.o(.data)
    twoKp                                    0x20000068   Data           4  ins_task.o(.data)
    twoKi                                    0x2000006c   Data           4  ins_task.o(.data)
    integralFBx                              0x20000070   Data           4  ins_task.o(.data)
    integralFBy                              0x20000074   Data           4  ins_task.o(.data)
    integralFBz                              0x20000078   Data           4  ins_task.o(.data)
    af_ImuTempPID                            0x2000007c   Data          12  ins_task.o(.data)
    RGB_flow_color                           0x20000090   Data          28  led_task.o(.data)
    blue                                     0x200000ac   Data           2  led_task.o(.data)
    green                                    0x200000ae   Data           2  led_task.o(.data)
    red                                      0x200000b0   Data           2  led_task.o(.data)
    calibrate_flag                           0x200000b4   Data           1  calibrate_task.o(.data)
    start_count                              0x200000b6   Data           2  calibrate_task.o(.data)
    calibration_count                        0x200000b8   Data           2  calibrate_task.o(.data)
    gyro_x_zero                              0x200000bc   Data           4  calibrate_task.o(.data)
    gyro_y_zero                              0x200000c0   Data           4  calibrate_task.o(.data)
    gyro_z_zero                              0x200000c4   Data           4  calibrate_task.o(.data)
    sum_x                                    0x200000c8   Data           4  calibrate_task.o(.data)
    sum_y                                    0x200000cc   Data           4  calibrate_task.o(.data)
    sum_z                                    0x200000d0   Data           4  calibrate_task.o(.data)
    BuzzerCount                              0x200000d4   Data           1  buzzer_task.o(.data)
    ModeCount                                0x200000d5   Data           1  buzzer_task.o(.data)
    ps2_high_water                           0x200000d8   Data           4  ps2_task.o(.data)
    PSCount                                  0x200000dc   Data           1  ps2_task.o(.data)
    scan_t                                   0x200000e0   Data           4  move_task.o(.data)
    direction                                0x200000e4   Data           4  move_task.o(.data)
    pitch_k                                  0x200000e8   Data           4  move_task.o(.data)
    pitch_add                                0x200000ec   Data           4  move_task.o(.data)
    filtered_avg_pitch_imu                   0x200000f0   Data           4  move_task.o(.data)
    mode_uart                                0x200000f4   Data           1  move_task.o(.data)
    angle_uart                               0x200000f8   Data           4  move_task.o(.data)
    head_mode                                0x200000fd   Data           2  mode_set_task.o(.data)
    BMI088_ACCEL_SEN                         0x20000100   Data           4  bmi088driver.o(.data)
    BMI088_GYRO_SEN                          0x20000104   Data           4  bmi088driver.o(.data)
    rc_receive_num                           0x2000012c   Data           2  remote_control.o(.data)
    pxCurrentTCB                             0x20000140   Data           4  tasks.o(.data)
    hcan1                                    0x200003fc   Data          40  can.o(.bss)
    hcan2                                    0x20000424   Data          40  can.o(.bss)
    hspi1                                    0x2000044c   Data          88  spi.o(.bss)
    hspi2                                    0x200004a4   Data          88  spi.o(.bss)
    hdma_spi1_rx                             0x200004fc   Data          96  spi.o(.bss)
    hdma_spi1_tx                             0x2000055c   Data          96  spi.o(.bss)
    htim4                                    0x200005bc   Data          72  tim.o(.bss)
    htim5                                    0x20000604   Data          72  tim.o(.bss)
    htim7                                    0x2000064c   Data          72  tim.o(.bss)
    htim10                                   0x20000694   Data          72  tim.o(.bss)
    huart1                                   0x200006dc   Data          68  usart.o(.bss)
    huart3                                   0x20000720   Data          68  usart.o(.bss)
    huart6                                   0x20000764   Data          68  usart.o(.bss)
    hdma_usart3_rx                           0x200007a8   Data          96  usart.o(.bss)
    hdma_usart6_rx                           0x20000808   Data          96  usart.o(.bss)
    hdma_usart6_tx                           0x20000868   Data          96  usart.o(.bss)
    htim3                                    0x200008c8   Data          72  stm32f4xx_hal_timebase_tim.o(.bss)
    accel_dma_rx_buf                         0x20000910   Data           9  ins_task.o(.bss)
    imu_temp_pid                             0x2000091c   Data          64  ins_task.o(.bss)
    bmi088_real_data                         0x2000095c   Data          36  ins_task.o(.bss)
    INS_gyro                                 0x20000980   Data          12  ins_task.o(.bss)
    INS_accel                                0x2000098c   Data          12  ins_task.o(.bss)
    INS_quat                                 0x20000998   Data          16  ins_task.o(.bss)
    INS_eulers                               0x200009a8   Data          12  ins_task.o(.bss)
    ps2                                      0x200009b4   Data          60  ps2_task.o(.bss)
    move_data                                0x200009f0   Data         364  move_task.o(.bss)
    filter_pitch_imu                         0x20000b5c   Data         160  move_task.o(.bss)
    buf_uart                                 0x20000bfc   Data          10  move_task.o(.bss)
    gimbal_motor2006_measure                 0x20000c08   Data          20  can_task.o(.bss)
    YAW_DM_data                              0x20000c1c   Data         180  can_task.o(.bss)
    autoaim_measure                          0x20000cd0   Data          12  can_task.o(.bss)
    ctl                                      0x20000cdc   Data          20  remote_control.o(.bss)
    sbus_buf                                 0x20000cf0   Data          36  bsp_usart.o(.bss)
    __libspace_start                         0x20004a04   Data          96  libspace.o(.bss)
    __temporary_stack_top$libspace           0x20004a64   Data           0  libspace.o(.bss)



==============================================================================

Memory Map of the image

  Image Entry point : 0x08000189

  Load Region LR_IROM1 (Base: 0x08000000, Size: 0x0000eaf8, Max: 0x00100000, ABSOLUTE, COMPRESSED[0x0000e9c4])

    Execution Region ER_IROM1 (Exec base: 0x08000000, Load base: 0x08000000, Size: 0x0000e950, Max: 0x00100000, ABSOLUTE)

    Exec Addr    Load Addr    Size         Type   Attr      Idx    E Section Name        Object

    0x08000000   0x08000000   0x00000188   Data   RO            3    RESET               startup_stm32f407xx.o
    0x08000188   0x08000188   0x00000008   Code   RO         7313  * !!!main             c_w.l(__main.o)
    0x08000190   0x08000190   0x00000034   Code   RO         7735    !!!scatter          c_w.l(__scatter.o)
    0x080001c4   0x080001c4   0x0000005a   Code   RO         7733    !!dczerorl2         c_w.l(__dczerorl2.o)
    0x0800021e   0x0800021e   0x00000002   PAD
    0x08000220   0x08000220   0x0000001c   Code   RO         7737    !!handler_zi        c_w.l(__scatter_zi.o)
    0x0800023c   0x0800023c   0x00000002   Code   RO         7676    .ARM.Collect$$libinit$$00000000  c_w.l(libinit.o)
    0x0800023e   0x0800023e   0x00000004   Code   RO         7465    .ARM.Collect$$libinit$$00000001  c_w.l(libinit2.o)
    0x08000242   0x08000242   0x00000000   Code   RO         7468    .ARM.Collect$$libinit$$00000004  c_w.l(libinit2.o)
    0x08000242   0x08000242   0x00000000   Code   RO         7471    .ARM.Collect$$libinit$$0000000A  c_w.l(libinit2.o)
    0x08000242   0x08000242   0x00000000   Code   RO         7473    .ARM.Collect$$libinit$$0000000C  c_w.l(libinit2.o)
    0x08000242   0x08000242   0x00000000   Code   RO         7475    .ARM.Collect$$libinit$$0000000E  c_w.l(libinit2.o)
    0x08000242   0x08000242   0x00000000   Code   RO         7478    .ARM.Collect$$libinit$$00000011  c_w.l(libinit2.o)
    0x08000242   0x08000242   0x00000000   Code   RO         7480    .ARM.Collect$$libinit$$00000013  c_w.l(libinit2.o)
    0x08000242   0x08000242   0x00000000   Code   RO         7482    .ARM.Collect$$libinit$$00000015  c_w.l(libinit2.o)
    0x08000242   0x08000242   0x00000000   Code   RO         7484    .ARM.Collect$$libinit$$00000017  c_w.l(libinit2.o)
    0x08000242   0x08000242   0x00000000   Code   RO         7486    .ARM.Collect$$libinit$$00000019  c_w.l(libinit2.o)
    0x08000242   0x08000242   0x00000000   Code   RO         7488    .ARM.Collect$$libinit$$0000001B  c_w.l(libinit2.o)
    0x08000242   0x08000242   0x00000000   Code   RO         7490    .ARM.Collect$$libinit$$0000001D  c_w.l(libinit2.o)
    0x08000242   0x08000242   0x00000000   Code   RO         7492    .ARM.Collect$$libinit$$0000001F  c_w.l(libinit2.o)
    0x08000242   0x08000242   0x00000000   Code   RO         7494    .ARM.Collect$$libinit$$00000021  c_w.l(libinit2.o)
    0x08000242   0x08000242   0x00000000   Code   RO         7496    .ARM.Collect$$libinit$$00000023  c_w.l(libinit2.o)
    0x08000242   0x08000242   0x00000000   Code   RO         7498    .ARM.Collect$$libinit$$00000025  c_w.l(libinit2.o)
    0x08000242   0x08000242   0x00000000   Code   RO         7502    .ARM.Collect$$libinit$$0000002C  c_w.l(libinit2.o)
    0x08000242   0x08000242   0x00000000   Code   RO         7504    .ARM.Collect$$libinit$$0000002E  c_w.l(libinit2.o)
    0x08000242   0x08000242   0x00000000   Code   RO         7506    .ARM.Collect$$libinit$$00000030  c_w.l(libinit2.o)
    0x08000242   0x08000242   0x00000000   Code   RO         7508    .ARM.Collect$$libinit$$00000032  c_w.l(libinit2.o)
    0x08000242   0x08000242   0x00000002   Code   RO         7509    .ARM.Collect$$libinit$$00000033  c_w.l(libinit2.o)
    0x08000244   0x08000244   0x00000002   Code   RO         7730    .ARM.Collect$$libshutdown$$00000000  c_w.l(libshutdown.o)
    0x08000246   0x08000246   0x00000000   Code   RO         7690    .ARM.Collect$$libshutdown$$00000002  c_w.l(libshutdown2.o)
    0x08000246   0x08000246   0x00000000   Code   RO         7692    .ARM.Collect$$libshutdown$$00000004  c_w.l(libshutdown2.o)
    0x08000246   0x08000246   0x00000000   Code   RO         7695    .ARM.Collect$$libshutdown$$00000007  c_w.l(libshutdown2.o)
    0x08000246   0x08000246   0x00000000   Code   RO         7698    .ARM.Collect$$libshutdown$$0000000A  c_w.l(libshutdown2.o)
    0x08000246   0x08000246   0x00000000   Code   RO         7700    .ARM.Collect$$libshutdown$$0000000C  c_w.l(libshutdown2.o)
    0x08000246   0x08000246   0x00000000   Code   RO         7703    .ARM.Collect$$libshutdown$$0000000F  c_w.l(libshutdown2.o)
    0x08000246   0x08000246   0x00000002   Code   RO         7704    .ARM.Collect$$libshutdown$$00000010  c_w.l(libshutdown2.o)
    0x08000248   0x08000248   0x00000000   Code   RO         7429    .ARM.Collect$$rtentry$$00000000  c_w.l(__rtentry.o)
    0x08000248   0x08000248   0x00000000   Code   RO         7601    .ARM.Collect$$rtentry$$00000002  c_w.l(__rtentry2.o)
    0x08000248   0x08000248   0x00000006   Code   RO         7613    .ARM.Collect$$rtentry$$00000004  c_w.l(__rtentry4.o)
    0x0800024e   0x0800024e   0x00000000   Code   RO         7603    .ARM.Collect$$rtentry$$00000009  c_w.l(__rtentry2.o)
    0x0800024e   0x0800024e   0x00000004   Code   RO         7604    .ARM.Collect$$rtentry$$0000000A  c_w.l(__rtentry2.o)
    0x08000252   0x08000252   0x00000000   Code   RO         7606    .ARM.Collect$$rtentry$$0000000C  c_w.l(__rtentry2.o)
    0x08000252   0x08000252   0x00000008   Code   RO         7607    .ARM.Collect$$rtentry$$0000000D  c_w.l(__rtentry2.o)
    0x0800025a   0x0800025a   0x00000002   Code   RO         7677    .ARM.Collect$$rtexit$$00000000  c_w.l(rtexit.o)
    0x0800025c   0x0800025c   0x00000000   Code   RO         7706    .ARM.Collect$$rtexit$$00000002  c_w.l(rtexit2.o)
    0x0800025c   0x0800025c   0x00000004   Code   RO         7707    .ARM.Collect$$rtexit$$00000003  c_w.l(rtexit2.o)
    0x08000260   0x08000260   0x00000006   Code   RO         7708    .ARM.Collect$$rtexit$$00000004  c_w.l(rtexit2.o)
    0x08000266   0x08000266   0x00000002   PAD
    0x08000268   0x08000268   0x000000be   Code   RO         7154    .emb_text           port.o
    0x08000326   0x08000326   0x00000002   PAD
    0x08000328   0x08000328   0x00000040   Code   RO            4    .text               startup_stm32f407xx.o
    0x08000368   0x08000368   0x00000002   Code   RO         7233    .text               c_w.l(use_no_semi_2.o)
    0x0800036a   0x0800036a   0x000000ee   Code   RO         7297    .text               c_w.l(lludivv7m.o)
    0x08000458   0x08000458   0x0000003e   Code   RO         7299    .text               c_w.l(strlen.o)
    0x08000496   0x08000496   0x00000064   Code   RO         7303    .text               c_w.l(rt_memcpy_w.o)
    0x080004fa   0x080004fa   0x00000010   Code   RO         7307    .text               c_w.l(aeabi_memset.o)
    0x0800050a   0x0800050a   0x0000004e   Code   RO         7309    .text               c_w.l(rt_memclr_w.o)
    0x08000558   0x08000558   0x00000006   Code   RO         7311    .text               c_w.l(heapauxi.o)
    0x0800055e   0x0800055e   0x00000002   Code   RO         7425    .text               c_w.l(use_no_semi.o)
    0x08000560   0x08000560   0x00000016   Code   RO         7459    .text               c_w.l(_rserrno.o)
    0x08000576   0x08000576   0x00000044   Code   RO         7461    .text               c_w.l(rt_memclr.o)
    0x080005ba   0x080005ba   0x00000002   PAD
    0x080005bc   0x080005bc   0x00000008   Code   RO         7597    .text               c_w.l(libspace.o)
    0x080005c4   0x080005c4   0x00000008   Code   RO         7620    .text               c_w.l(rt_errno_addr_intlibspace.o)
    0x080005cc   0x080005cc   0x0000004a   Code   RO         7651    .text               c_w.l(sys_stackheap_outer.o)
    0x08000616   0x08000616   0x00000012   Code   RO         7657    .text               c_w.l(exit.o)
    0x08000628   0x08000628   0x00000014   Code   RO         5009    i.BMI088_ACCEL_NS_H  bmi088middleware.o
    0x0800063c   0x0800063c   0x00000014   Code   RO         5010    i.BMI088_ACCEL_NS_L  bmi088middleware.o
    0x08000650   0x08000650   0x00000002   Code   RO         5011    i.BMI088_GPIO_init  bmi088middleware.o
    0x08000652   0x08000652   0x00000002   PAD
    0x08000654   0x08000654   0x00000014   Code   RO         5012    i.BMI088_GYRO_NS_H  bmi088middleware.o
    0x08000668   0x08000668   0x00000014   Code   RO         5013    i.BMI088_GYRO_NS_L  bmi088middleware.o
    0x0800067c   0x0800067c   0x00000090   Code   RO         4803    i.BMI088_accel_read_over  bmi088driver.o
    0x0800070c   0x0800070c   0x00000002   Code   RO         5014    i.BMI088_com_init   bmi088middleware.o
    0x0800070e   0x0800070e   0x0000001a   Code   RO         5015    i.BMI088_delay_ms   bmi088middleware.o
    0x08000728   0x08000728   0x0000004a   Code   RO         5016    i.BMI088_delay_us   bmi088middleware.o
    0x08000772   0x08000772   0x00000002   PAD
    0x08000774   0x08000774   0x00000068   Code   RO         4804    i.BMI088_gyro_read_over  bmi088driver.o
    0x080007dc   0x080007dc   0x00000034   Code   RO         4805    i.BMI088_init       bmi088driver.o
    0x08000810   0x08000810   0x0000017c   Code   RO         4806    i.BMI088_read       bmi088driver.o
    0x0800098c   0x0800098c   0x00000026   Code   RO         4809    i.BMI088_read_muli_reg  bmi088driver.o
    0x080009b2   0x080009b2   0x00000018   Code   RO         4810    i.BMI088_read_single_reg  bmi088driver.o
    0x080009ca   0x080009ca   0x00000002   PAD
    0x080009cc   0x080009cc   0x00000020   Code   RO         5017    i.BMI088_read_write_byte  bmi088middleware.o
    0x080009ec   0x080009ec   0x00000034   Code   RO         4811    i.BMI088_temperature_read_over  bmi088driver.o
    0x08000a20   0x08000a20   0x00000014   Code   RO         4812    i.BMI088_write_single_reg  bmi088driver.o
    0x08000a34   0x08000a34   0x00000004   Code   RO          637    i.BusFault_Handler  stm32f4xx_it.o
    0x08000a38   0x08000a38   0x00000098   Code   RO         4294    i.Buzzer_Task       buzzer_task.o
    0x08000ad0   0x08000ad0   0x00000010   Code   RO          638    i.CAN1_RX0_IRQHandler  stm32f4xx_it.o
    0x08000ae0   0x08000ae0   0x00000010   Code   RO          639    i.CAN2_RX0_IRQHandler  stm32f4xx_it.o
    0x08000af0   0x08000af0   0x00000016   Code   RO         4224    i.Calibrate_Task    calibrate_task.o
    0x08000b06   0x08000b06   0x00000002   PAD
    0x08000b08   0x08000b08   0x00000010   Code   RO          640    i.DMA1_Stream1_IRQHandler  stm32f4xx_it.o
    0x08000b18   0x08000b18   0x00000010   Code   RO          641    i.DMA2_Stream1_IRQHandler  stm32f4xx_it.o
    0x08000b28   0x08000b28   0x00000898   Code   RO         3956    i.DMA2_Stream2_IRQHandler  ins_task.o
    0x080013c0   0x080013c0   0x00000010   Code   RO          642    i.DMA2_Stream3_IRQHandler  stm32f4xx_it.o
    0x080013d0   0x080013d0   0x00000010   Code   RO          643    i.DMA2_Stream6_IRQHandler  stm32f4xx_it.o
    0x080013e0   0x080013e0   0x00000034   Code   RO         1568    i.DMA_CalcBaseAndBitshift  stm32f4xx_hal_dma.o
    0x08001414   0x08001414   0x000000aa   Code   RO         1569    i.DMA_CheckFifoParam  stm32f4xx_hal_dma.o
    0x080014be   0x080014be   0x00000002   Code   RO          644    i.DebugMon_Handler  stm32f4xx_it.o
    0x080014c0   0x080014c0   0x0000000a   Code   RO          645    i.EXTI0_IRQHandler  stm32f4xx_it.o
    0x080014ca   0x080014ca   0x0000000a   Code   RO          646    i.EXTI4_IRQHandler  stm32f4xx_it.o
    0x080014d4   0x080014d4   0x0000000a   Code   RO          647    i.EXTI9_5_IRQHandler  stm32f4xx_it.o
    0x080014de   0x080014de   0x00000006   Code   RO           13    i.Error_Handler     main.o
    0x080014e4   0x080014e4   0x0000002a   Code   RO          831    i.HAL_CAN_ActivateNotification  stm32f4xx_hal_can.o
    0x0800150e   0x0800150e   0x00000156   Code   RO          832    i.HAL_CAN_AddTxMessage  stm32f4xx_hal_can.o
    0x08001664   0x08001664   0x00000124   Code   RO          833    i.HAL_CAN_ConfigFilter  stm32f4xx_hal_can.o
    0x08001788   0x08001788   0x00000002   Code   RO          836    i.HAL_CAN_ErrorCallback  stm32f4xx_hal_can.o
    0x0800178a   0x0800178a   0x0000017a   Code   RO          839    i.HAL_CAN_GetRxMessage  stm32f4xx_hal_can.o
    0x08001904   0x08001904   0x0000024e   Code   RO          843    i.HAL_CAN_IRQHandler  stm32f4xx_hal_can.o
    0x08001b52   0x08001b52   0x00000174   Code   RO          844    i.HAL_CAN_Init      stm32f4xx_hal_can.o
    0x08001cc6   0x08001cc6   0x00000002   PAD
    0x08001cc8   0x08001cc8   0x00000160   Code   RO          356    i.HAL_CAN_MspInit   can.o
    0x08001e28   0x08001e28   0x00000002   Code   RO          851    i.HAL_CAN_RxFifo0FullCallback  stm32f4xx_hal_can.o
    0x08001e2a   0x08001e2a   0x00000002   PAD
    0x08001e2c   0x08001e2c   0x00000054   Code   RO         5082    i.HAL_CAN_RxFifo0MsgPendingCallback  can_task.o
    0x08001e80   0x08001e80   0x00000002   Code   RO          853    i.HAL_CAN_RxFifo1FullCallback  stm32f4xx_hal_can.o
    0x08001e82   0x08001e82   0x00000002   Code   RO          854    i.HAL_CAN_RxFifo1MsgPendingCallback  stm32f4xx_hal_can.o
    0x08001e84   0x08001e84   0x00000002   Code   RO          855    i.HAL_CAN_SleepCallback  stm32f4xx_hal_can.o
    0x08001e86   0x08001e86   0x0000005e   Code   RO          856    i.HAL_CAN_Start     stm32f4xx_hal_can.o
    0x08001ee4   0x08001ee4   0x00000002   Code   RO          858    i.HAL_CAN_TxMailbox0AbortCallback  stm32f4xx_hal_can.o
    0x08001ee6   0x08001ee6   0x00000002   Code   RO          859    i.HAL_CAN_TxMailbox0CompleteCallback  stm32f4xx_hal_can.o
    0x08001ee8   0x08001ee8   0x00000002   Code   RO          860    i.HAL_CAN_TxMailbox1AbortCallback  stm32f4xx_hal_can.o
    0x08001eea   0x08001eea   0x00000002   Code   RO          861    i.HAL_CAN_TxMailbox1CompleteCallback  stm32f4xx_hal_can.o
    0x08001eec   0x08001eec   0x00000002   Code   RO          862    i.HAL_CAN_TxMailbox2AbortCallback  stm32f4xx_hal_can.o
    0x08001eee   0x08001eee   0x00000002   Code   RO          863    i.HAL_CAN_TxMailbox2CompleteCallback  stm32f4xx_hal_can.o
    0x08001ef0   0x08001ef0   0x00000002   Code   RO          865    i.HAL_CAN_WakeUpFromRxMsgCallback  stm32f4xx_hal_can.o
    0x08001ef2   0x08001ef2   0x000000ac   Code   RO         1571    i.HAL_DMA_Abort     stm32f4xx_hal_dma.o
    0x08001f9e   0x08001f9e   0x00000028   Code   RO         1572    i.HAL_DMA_Abort_IT  stm32f4xx_hal_dma.o
    0x08001fc6   0x08001fc6   0x00000002   PAD
    0x08001fc8   0x08001fc8   0x00000240   Code   RO         1576    i.HAL_DMA_IRQHandler  stm32f4xx_hal_dma.o
    0x08002208   0x08002208   0x000000ec   Code   RO         1577    i.HAL_DMA_Init      stm32f4xx_hal_dma.o
    0x080022f4   0x080022f4   0x00000028   Code   RO         1995    i.HAL_Delay         stm32f4xx_hal.o
    0x0800231c   0x0800231c   0x00000090   Code   RO         3957    i.HAL_GPIO_EXTI_Callback  ins_task.o
    0x080023ac   0x080023ac   0x0000001c   Code   RO         1463    i.HAL_GPIO_EXTI_IRQHandler  stm32f4xx_hal_gpio.o
    0x080023c8   0x080023c8   0x000001f4   Code   RO         1464    i.HAL_GPIO_Init     stm32f4xx_hal_gpio.o
    0x080025bc   0x080025bc   0x0000000c   Code   RO         1468    i.HAL_GPIO_WritePin  stm32f4xx_hal_gpio.o
    0x080025c8   0x080025c8   0x0000000c   Code   RO         2001    i.HAL_GetTick       stm32f4xx_hal.o
    0x080025d4   0x080025d4   0x00000018   Code   RO         2007    i.HAL_IncTick       stm32f4xx_hal.o
    0x080025ec   0x080025ec   0x0000003c   Code   RO         2008    i.HAL_Init          stm32f4xx_hal.o
    0x08002628   0x08002628   0x000000b4   Code   RO          791    i.HAL_InitTick      stm32f4xx_hal_timebase_tim.o
    0x080026dc   0x080026dc   0x00000054   Code   RO          767    i.HAL_MspInit       stm32f4xx_hal_msp.o
    0x08002730   0x08002730   0x00000020   Code   RO         1853    i.HAL_NVIC_EnableIRQ  stm32f4xx_hal_cortex.o
    0x08002750   0x08002750   0x0000007c   Code   RO         1859    i.HAL_NVIC_SetPriority  stm32f4xx_hal_cortex.o
    0x080027cc   0x080027cc   0x00000028   Code   RO         1860    i.HAL_NVIC_SetPriorityGrouping  stm32f4xx_hal_cortex.o
    0x080027f4   0x080027f4   0x00000184   Code   RO         1065    i.HAL_RCC_ClockConfig  stm32f4xx_hal_rcc.o
    0x08002978   0x08002978   0x00000044   Code   RO         1069    i.HAL_RCC_GetClockConfig  stm32f4xx_hal_rcc.o
    0x080029bc   0x080029bc   0x0000000c   Code   RO         1070    i.HAL_RCC_GetHCLKFreq  stm32f4xx_hal_rcc.o
    0x080029c8   0x080029c8   0x00000020   Code   RO         1072    i.HAL_RCC_GetPCLK1Freq  stm32f4xx_hal_rcc.o
    0x080029e8   0x080029e8   0x00000020   Code   RO         1073    i.HAL_RCC_GetPCLK2Freq  stm32f4xx_hal_rcc.o
    0x08002a08   0x08002a08   0x000000b0   Code   RO         1074    i.HAL_RCC_GetSysClockFreq  stm32f4xx_hal_rcc.o
    0x08002ab8   0x08002ab8   0x0000049c   Code   RO         1077    i.HAL_RCC_OscConfig  stm32f4xx_hal_rcc.o
    0x08002f54   0x08002f54   0x000000c8   Code   RO         2257    i.HAL_SPI_Init      stm32f4xx_hal_spi.o
    0x0800301c   0x0800301c   0x000001cc   Code   RO          429    i.HAL_SPI_MspInit   spi.o
    0x080031e8   0x080031e8   0x0000022a   Code   RO         2266    i.HAL_SPI_TransmitReceive  stm32f4xx_hal_spi.o
    0x08003412   0x08003412   0x00000002   Code   RO         3285    i.HAL_TIMEx_BreakCallback  stm32f4xx_hal_tim_ex.o
    0x08003414   0x08003414   0x00000002   Code   RO         3286    i.HAL_TIMEx_CommutCallback  stm32f4xx_hal_tim_ex.o
    0x08003416   0x08003416   0x00000002   PAD
    0x08003418   0x08003418   0x000000b4   Code   RO         3304    i.HAL_TIMEx_MasterConfigSynchronization  stm32f4xx_hal_tim_ex.o
    0x080034cc   0x080034cc   0x00000066   Code   RO         2570    i.HAL_TIM_Base_Init  stm32f4xx_hal_tim.o
    0x08003532   0x08003532   0x00000002   PAD
    0x08003534   0x08003534   0x000000a4   Code   RO          477    i.HAL_TIM_Base_MspInit  tim.o
    0x080035d8   0x080035d8   0x000000a8   Code   RO         2575    i.HAL_TIM_Base_Start_IT  stm32f4xx_hal_tim.o
    0x08003680   0x08003680   0x0000010c   Code   RO         2579    i.HAL_TIM_ConfigClockSource  stm32f4xx_hal_tim.o
    0x0800378c   0x0800378c   0x00000002   Code   RO         2604    i.HAL_TIM_IC_CaptureCallback  stm32f4xx_hal_tim.o
    0x0800378e   0x0800378e   0x00000196   Code   RO         2618    i.HAL_TIM_IRQHandler  stm32f4xx_hal_tim.o
    0x08003924   0x08003924   0x00000100   Code   RO          478    i.HAL_TIM_MspPostInit  tim.o
    0x08003a24   0x08003a24   0x00000002   Code   RO         2621    i.HAL_TIM_OC_DelayElapsedCallback  stm32f4xx_hal_tim.o
    0x08003a26   0x08003a26   0x00000104   Code   RO         2642    i.HAL_TIM_PWM_ConfigChannel  stm32f4xx_hal_tim.o
    0x08003b2a   0x08003b2a   0x00000066   Code   RO         2645    i.HAL_TIM_PWM_Init  stm32f4xx_hal_tim.o
    0x08003b90   0x08003b90   0x00000034   Code   RO          480    i.HAL_TIM_PWM_MspInit  tim.o
    0x08003bc4   0x08003bc4   0x00000002   Code   RO         2648    i.HAL_TIM_PWM_PulseFinishedCallback  stm32f4xx_hal_tim.o
    0x08003bc6   0x08003bc6   0x00000002   PAD
    0x08003bc8   0x08003bc8   0x0000010c   Code   RO         2650    i.HAL_TIM_PWM_Start  stm32f4xx_hal_tim.o
    0x08003cd4   0x08003cd4   0x00000018   Code   RO           14    i.HAL_TIM_PeriodElapsedCallback  main.o
    0x08003cec   0x08003cec   0x00000002   Code   RO         2661    i.HAL_TIM_TriggerCallback  stm32f4xx_hal_tim.o
    0x08003cee   0x08003cee   0x00000002   Code   RO         3563    i.HAL_UARTEx_RxEventCallback  stm32f4xx_hal_uart.o
    0x08003cf0   0x08003cf0   0x00000002   Code   RO         3577    i.HAL_UART_ErrorCallback  stm32f4xx_hal_uart.o
    0x08003cf2   0x08003cf2   0x00000002   PAD
    0x08003cf4   0x08003cf4   0x000002e0   Code   RO         3580    i.HAL_UART_IRQHandler  stm32f4xx_hal_uart.o
    0x08003fd4   0x08003fd4   0x00000072   Code   RO         3581    i.HAL_UART_Init     stm32f4xx_hal_uart.o
    0x08004046   0x08004046   0x00000002   PAD
    0x08004048   0x08004048   0x000002bc   Code   RO          555    i.HAL_UART_MspInit  usart.o
    0x08004304   0x08004304   0x00000002   Code   RO         3587    i.HAL_UART_RxCpltCallback  stm32f4xx_hal_uart.o
    0x08004306   0x08004306   0x00000002   Code   RO         3592    i.HAL_UART_TxCpltCallback  stm32f4xx_hal_uart.o
    0x08004308   0x08004308   0x00000004   Code   RO          648    i.HardFault_Handler  stm32f4xx_it.o
    0x0800430c   0x0800430c   0x00000244   Code   RO         3958    i.Ins_Task          ins_task.o
    0x08004550   0x08004550   0x0000033c   Code   RO         4169    i.Led_Task          led_task.o
    0x0800488c   0x0800488c   0x00000074   Code   RO         5083    i.M2006_absolute_position_cal  can_task.o
    0x08004900   0x08004900   0x00000044   Code   RO          357    i.MX_CAN1_Init      can.o
    0x08004944   0x08004944   0x00000044   Code   RO          358    i.MX_CAN2_Init      can.o
    0x08004988   0x08004988   0x00000098   Code   RO          404    i.MX_DMA_Init       dma.o
    0x08004a20   0x08004a20   0x000000ec   Code   RO          267    i.MX_FREERTOS_Init  freertos.o
    0x08004b0c   0x08004b0c   0x000001ac   Code   RO          239    i.MX_GPIO_Init      gpio.o
    0x08004cb8   0x08004cb8   0x00000048   Code   RO          430    i.MX_SPI1_Init      spi.o
    0x08004d00   0x08004d00   0x00000048   Code   RO          431    i.MX_SPI2_Init      spi.o
    0x08004d48   0x08004d48   0x0000006c   Code   RO          481    i.MX_TIM10_Init     tim.o
    0x08004db4   0x08004db4   0x0000007c   Code   RO          482    i.MX_TIM4_Init      tim.o
    0x08004e30   0x08004e30   0x000000c4   Code   RO          483    i.MX_TIM5_Init      tim.o
    0x08004ef4   0x08004ef4   0x0000004c   Code   RO          484    i.MX_TIM7_Init      tim.o
    0x08004f40   0x08004f40   0x00000038   Code   RO          556    i.MX_USART1_UART_Init  usart.o
    0x08004f78   0x08004f78   0x0000003c   Code   RO          557    i.MX_USART3_UART_Init  usart.o
    0x08004fb4   0x08004fb4   0x00000038   Code   RO          558    i.MX_USART6_UART_Init  usart.o
    0x08004fec   0x08004fec   0x00000004   Code   RO          649    i.MemManage_Handler  stm32f4xx_it.o
    0x08004ff0   0x08004ff0   0x00000004   Code   RO          650    i.NMI_Handler       stm32f4xx_it.o
    0x08004ff4   0x08004ff4   0x00000060   Code   RO         5601    i.PID_init          pid.o
    0x08005054   0x08005054   0x00000074   Code   RO         4399    i.PS2_task          ps2_task.o
    0x080050c8   0x080050c8   0x00000164   Code   RO         4400    i.Ps2Decode         ps2_task.o
    0x0800522c   0x0800522c   0x0000009c   Code   RO         5742    i.RC_Init           bsp_usart.o
    0x080052c8   0x080052c8   0x0000273c   Code   RO         5698    i.SPI1_DMA_enable   bsp_spi.o
    0x08007a04   0x08007a04   0x00000180   Code   RO         5699    i.SPI1_DMA_init     bsp_spi.o
    0x08007b84   0x08007b84   0x0000006c   Code   RO         2295    i.SPI_EndRxTxTransaction  stm32f4xx_hal_spi.o
    0x08007bf0   0x08007bf0   0x000000d8   Code   RO         2300    i.SPI_WaitFlagStateUntilTimeout  stm32f4xx_hal_spi.o
    0x08007cc8   0x08007cc8   0x000000d0   Code   RO         4401    i.Spi2RequestPs2Data  ps2_task.o
    0x08007d98   0x08007d98   0x0000000a   Code   RO          269    i.StartDefaultTask  freertos.o
    0x08007da2   0x08007da2   0x00000002   PAD
    0x08007da4   0x08007da4   0x0000002c   Code   RO         7155    i.SysTick_Handler   port.o
    0x08007dd0   0x08007dd0   0x000000b4   Code   RO           15    i.SystemClock_Config  main.o
    0x08007e84   0x08007e84   0x00000014   Code   RO         3920    i.SystemInit        system_stm32f4xx.o
    0x08007e98   0x08007e98   0x00000010   Code   RO          651    i.TIM3_IRQHandler   stm32f4xx_it.o
    0x08007ea8   0x08007ea8   0x00000010   Code   RO          652    i.TIM7_IRQHandler   stm32f4xx_it.o
    0x08007eb8   0x08007eb8   0x000000d8   Code   RO         2663    i.TIM_Base_SetConfig  stm32f4xx_hal_tim.o
    0x08007f90   0x08007f90   0x00000022   Code   RO         2664    i.TIM_CCxChannelCmd  stm32f4xx_hal_tim.o
    0x08007fb2   0x08007fb2   0x00000016   Code   RO         2674    i.TIM_ETR_SetConfig  stm32f4xx_hal_tim.o
    0x08007fc8   0x08007fc8   0x00000012   Code   RO         2675    i.TIM_ITRx_SetConfig  stm32f4xx_hal_tim.o
    0x08007fda   0x08007fda   0x00000002   PAD
    0x08007fdc   0x08007fdc   0x00000070   Code   RO         2676    i.TIM_OC1_SetConfig  stm32f4xx_hal_tim.o
    0x0800804c   0x0800804c   0x0000007c   Code   RO         2677    i.TIM_OC2_SetConfig  stm32f4xx_hal_tim.o
    0x080080c8   0x080080c8   0x00000078   Code   RO         2678    i.TIM_OC3_SetConfig  stm32f4xx_hal_tim.o
    0x08008140   0x08008140   0x00000054   Code   RO         2679    i.TIM_OC4_SetConfig  stm32f4xx_hal_tim.o
    0x08008194   0x08008194   0x00000026   Code   RO         2681    i.TIM_TI1_ConfigInputStage  stm32f4xx_hal_tim.o
    0x080081ba   0x080081ba   0x00000028   Code   RO         2683    i.TIM_TI2_ConfigInputStage  stm32f4xx_hal_tim.o
    0x080081e2   0x080081e2   0x00000014   Code   RO         3594    i.UART_DMAAbortOnError  stm32f4xx_hal_uart.o
    0x080081f6   0x080081f6   0x0000006c   Code   RO         3604    i.UART_EndRxTransfer  stm32f4xx_hal_uart.o
    0x08008262   0x08008262   0x00000020   Code   RO         3605    i.UART_EndTransmit_IT  stm32f4xx_hal_uart.o
    0x08008282   0x08008282   0x000000f8   Code   RO         3607    i.UART_Receive_IT   stm32f4xx_hal_uart.o
    0x0800837a   0x0800837a   0x00000002   PAD
    0x0800837c   0x0800837c   0x0000022c   Code   RO         3608    i.UART_SetConfig    stm32f4xx_hal_uart.o
    0x080085a8   0x080085a8   0x00000060   Code   RO         3611    i.UART_Transmit_IT  stm32f4xx_hal_uart.o
    0x08008608   0x08008608   0x00000010   Code   RO          653    i.USART1_IRQHandler  stm32f4xx_it.o
    0x08008618   0x08008618   0x00000124   Code   RO         5181    i.USART3_IRQHandler  remote_control.o
    0x0800873c   0x0800873c   0x0000013c   Code   RO         4492    i.USART6_IRQHandler  move_task.o
    0x08008878   0x08008878   0x00000004   Code   RO          654    i.UsageFault_Handler  stm32f4xx_it.o
    0x0800887c   0x0800887c   0x00000030   Code   RO         7649    i.__ARM_fpclassify  m_wm.l(fpclassify.o)
    0x080088ac   0x080088ac   0x00000026   Code   RO         7552    i.__ARM_fpclassifyf  m_wm.l(fpclassifyf.o)
    0x080088d2   0x080088d2   0x00000002   PAD
    0x080088d4   0x080088d4   0x00000010   Code   RO         1866    i.__NVIC_GetPriorityGrouping  stm32f4xx_hal_cortex.o
    0x080088e4   0x080088e4   0x00000028   Code   RO         1867    i.__NVIC_SetPriority  stm32f4xx_hal_cortex.o
    0x0800890c   0x0800890c   0x00000004   PAD
    0x08008910   0x08008910   0x00000358   Code   RO         7345    i.__hardfp_acos     m_wm.l(acos.o)
    0x08008c68   0x08008c68   0x000002d8   Code   RO         7521    i.__hardfp_atan     m_wm.l(atan.o)
    0x08008f40   0x08008f40   0x000001f0   Code   RO         7359    i.__hardfp_atan2    m_wm.l(atan2.o)
    0x08009130   0x08009130   0x00000250   Code   RO         7371    i.__hardfp_atan2f   m_wm.l(atan2f.o)
    0x08009380   0x08009380   0x00000150   Code   RO         7383    i.__hardfp_cosf     m_wm.l(cosf.o)
    0x080094d0   0x080094d0   0x00000014   Code   RO         7395    i.__hardfp_fabs     m_wm.l(fabs.o)
    0x080094e4   0x080094e4   0x00000004   PAD
    0x080094e8   0x080094e8   0x000000c8   Code   RO         7401    i.__hardfp_sin      m_wm.l(sin.o)
    0x080095b0   0x080095b0   0x00000190   Code   RO         7413    i.__hardfp_sinf     m_wm.l(sinf.o)
    0x08009740   0x08009740   0x00000438   Code   RO         7571    i.__ieee754_rem_pio2  m_wm.l(rred.o)
    0x08009b78   0x08009b78   0x00000170   Code   RO         7535    i.__kernel_cos      m_wm.l(cos_i.o)
    0x08009ce8   0x08009ce8   0x000000f8   Code   RO         7568    i.__kernel_poly     m_wm.l(poly.o)
    0x08009de0   0x08009de0   0x00000130   Code   RO         7579    i.__kernel_sin      m_wm.l(sin_i.o)
    0x08009f10   0x08009f10   0x00000014   Code   RO         7539    i.__mathlib_dbl_infnan  m_wm.l(dunder.o)
    0x08009f24   0x08009f24   0x00000014   Code   RO         7540    i.__mathlib_dbl_infnan2  m_wm.l(dunder.o)
    0x08009f38   0x08009f38   0x00000020   Code   RO         7541    i.__mathlib_dbl_invalid  m_wm.l(dunder.o)
    0x08009f58   0x08009f58   0x00000020   Code   RO         7544    i.__mathlib_dbl_underflow  m_wm.l(dunder.o)
    0x08009f78   0x08009f78   0x00000006   Code   RO         7555    i.__mathlib_flt_infnan  m_wm.l(funder.o)
    0x08009f7e   0x08009f7e   0x00000006   Code   RO         7556    i.__mathlib_flt_infnan2  m_wm.l(funder.o)
    0x08009f84   0x08009f84   0x00000010   Code   RO         7557    i.__mathlib_flt_invalid  m_wm.l(funder.o)
    0x08009f94   0x08009f94   0x00000010   Code   RO         7560    i.__mathlib_flt_underflow  m_wm.l(funder.o)
    0x08009fa4   0x08009fa4   0x00000154   Code   RO         7576    i.__mathlib_rredf2  m_wm.l(rredf.o)
    0x0800a0f8   0x0800a0f8   0x00000004   Code   RO          560    i._sys_exit         usart.o
    0x0800a0fc   0x0800a0fc   0x00000068   Code   RO         5829    i.aRGB_led_show     bsp_led.o
    0x0800a164   0x0800a164   0x00000030   Code   RO         5523    i.abs_limit         math_lib.o
    0x0800a194   0x0800a194   0x00000010   Code   RO         7523    i.atan              m_wm.l(atan.o)
    0x0800a1a4   0x0800a1a4   0x00000134   Code   RO         4813    i.bmi088_accel_init  bmi088driver.o
    0x0800a2d8   0x0800a2d8   0x000002fc   Code   RO         4814    i.bmi088_accel_self_test  bmi088driver.o
    0x0800a5d4   0x0800a5d4   0x000000f4   Code   RO         4815    i.bmi088_gyro_init  bmi088driver.o
    0x0800a6c8   0x0800a6c8   0x000000d0   Code   RO         4816    i.bmi088_gyro_self_test  bmi088driver.o
    0x0800a798   0x0800a798   0x0000005c   Code   RO         5671    i.can_filter_init   bsp_can.o
    0x0800a7f4   0x0800a7f4   0x00000030   Code   RO         5788    i.delay_init        bsp_delay.o
    0x0800a824   0x0800a824   0x00000050   Code   RO         5790    i.delay_us          bsp_delay.o
    0x0800a874   0x0800a874   0x00000018   Code   RO         7397    i.fabs              m_wm.l(fabs.o)
    0x0800a88c   0x0800a88c   0x00000032   Code   RO         5524    i.float_to_uint     math_lib.o
    0x0800a8be   0x0800a8be   0x00000002   PAD
    0x0800a8c0   0x0800a8c0   0x000001c8   Code   RO         3959    i.fn_AHRS_init      ins_task.o
    0x0800aa88   0x0800aa88   0x00000010   Code   RO         4295    i.fn_BuzzerClose    buzzer_task.o
    0x0800aa98   0x0800aa98   0x0000002a   Code   RO         4297    i.fn_BuzzerPrompt   buzzer_task.o
    0x0800aac2   0x0800aac2   0x00000002   PAD
    0x0800aac4   0x0800aac4   0x00000080   Code   RO         4225    i.fn_CalibrationInit  calibrate_task.o
    0x0800ab44   0x0800ab44   0x0000007c   Code   RO         4226    i.fn_CalibrationStart  calibrate_task.o
    0x0800abc0   0x0800abc0   0x0000004c   Code   RO         5085    i.fn_DM_start_motor  can_task.o
    0x0800ac0c   0x0800ac0c   0x00000028   Code   RO         5525    i.fn_Fp32Limit      math_lib.o
    0x0800ac34   0x0800ac34   0x000000ec   Code   RO         4227    i.fn_GyroCalibration  calibrate_task.o
    0x0800ad20   0x0800ad20   0x00000054   Code   RO         3960    i.fn_INSInit        ins_task.o
    0x0800ad74   0x0800ad74   0x0000003c   Code   RO         5527    i.fn_InvSqrt        math_lib.o
    0x0800adb0   0x0800adb0   0x00000308   Code   RO         3961    i.fn_MahonyAHRSupdateIMU  ins_task.o
    0x0800b0b8   0x0800b0b8   0x00000560   Code   RO         4493    i.fn_MoveControl    move_task.o
    0x0800b618   0x0800b618   0x000000b6   Code   RO         5602    i.fn_PidClac        pid.o
    0x0800b6ce   0x0800b6ce   0x00000002   PAD
    0x0800b6d0   0x0800b6d0   0x00000070   Code   RO         5604    i.fn_PidInit        pid.o
    0x0800b740   0x0800b740   0x00000050   Code   RO         5086    i.fn_cmd_CAN1GimbalMotor  can_task.o
    0x0800b790   0x0800b790   0x000000f8   Code   RO         5089    i.fn_ctrl_DM_motor  can_task.o
    0x0800b888   0x0800b888   0x0000001a   Code   RO         5653    i.fn_low_filter     filter.o
    0x0800b8a2   0x0800b8a2   0x00000002   PAD
    0x0800b8a4   0x0800b8a4   0x0000001c   Code   RO         4494    i.fn_moveInit       move_task.o
    0x0800b8c0   0x0800b8c0   0x00000124   Code   RO         4495    i.fn_moveMode       move_task.o
    0x0800b9e4   0x0800b9e4   0x00000088   Code   RO         4496    i.fn_moveMotorMode  move_task.o
    0x0800ba6c   0x0800ba6c   0x00000058   Code   RO         4497    i.fn_move_feedback_update  move_task.o
    0x0800bac4   0x0800bac4   0x0000003c   Code   RO         4498    i.fn_move_mode_change_control_transit  move_task.o
    0x0800bb00   0x0800bb00   0x0000009c   Code   RO         4499    i.fn_move_motor_init  move_task.o
    0x0800bb9c   0x0800bb9c   0x00000070   Code   RO         5091    i.get_dm_motor_data  can_task.o
    0x0800bc0c   0x0800bc0c   0x0000002c   Code   RO         5092    i.get_motor_measure  can_task.o
    0x0800bc38   0x0800bc38   0x000001a8   Code   RO         3962    i.imu_cmd_spi_dma   ins_task.o
    0x0800bde0   0x0800bde0   0x0000009c   Code   RO         3963    i.imu_temp_control  ins_task.o
    0x0800be7c   0x0800be7c   0x00000016   Code   RO         5093    i.init_ecd_record   can_task.o
    0x0800be92   0x0800be92   0x00000002   PAD
    0x0800be94   0x0800be94   0x000000c0   Code   RO           16    i.main              main.o
    0x0800bf54   0x0800bf54   0x0000000c   Code   RO         6708    i.makeFreeRtosPriority  cmsis_os.o
    0x0800bf60   0x0800bf60   0x0000000e   Code   RO         4762    i.mode_init         mode_set_task.o
    0x0800bf6e   0x0800bf6e   0x00000002   PAD
    0x0800bf70   0x0800bf70   0x00000060   Code   RO         4763    i.mode_set          mode_set_task.o
    0x0800bfd0   0x0800bfd0   0x0000002c   Code   RO         4764    i.mode_set_task     mode_set_task.o
    0x0800bffc   0x0800bffc   0x000000a4   Code   RO         4500    i.move_PID_calc     move_task.o
    0x0800c0a0   0x0800c0a0   0x00000030   Code   RO         4501    i.move_PID_init     move_task.o
    0x0800c0d0   0x0800c0d0   0x00000124   Code   RO         4502    i.move_task         move_task.o
    0x0800c1f4   0x0800c1f4   0x00000010   Code   RO         6710    i.osDelay           cmsis_os.o
    0x0800c204   0x0800c204   0x0000000a   Code   RO         6713    i.osKernelStart     cmsis_os.o
    0x0800c20e   0x0800c20e   0x0000005c   Code   RO         6747    i.osThreadCreate    cmsis_os.o
    0x0800c26a   0x0800c26a   0x00000002   PAD
    0x0800c26c   0x0800c26c   0x00000024   Code   RO         6339    i.pcTaskGetName     tasks.o
    0x0800c290   0x0800c290   0x00000080   Code   RO         6340    i.prvAddCurrentTaskToDelayedList  tasks.o
    0x0800c310   0x0800c310   0x00000088   Code   RO         6341    i.prvAddNewTaskToReadyList  tasks.o
    0x0800c398   0x0800c398   0x00000040   Code   RO         6342    i.prvCheckTasksWaitingTermination  tasks.o
    0x0800c3d8   0x0800c3d8   0x00000040   Code   RO         6343    i.prvDeleteTCB      tasks.o
    0x0800c418   0x0800c418   0x00000050   Code   RO         7087    i.prvHeapInit       heap_4.o
    0x0800c468   0x0800c468   0x00000028   Code   RO         6344    i.prvIdleTask       tasks.o
    0x0800c490   0x0800c490   0x00000098   Code   RO         6345    i.prvInitialiseNewTask  tasks.o
    0x0800c528   0x0800c528   0x00000060   Code   RO         6346    i.prvInitialiseTaskLists  tasks.o
    0x0800c588   0x0800c588   0x0000005c   Code   RO         7088    i.prvInsertBlockIntoFreeList  heap_4.o
    0x0800c5e4   0x0800c5e4   0x00000024   Code   RO         6347    i.prvResetNextTaskUnblockTime  tasks.o
    0x0800c608   0x0800c608   0x0000006e   Code   RO         6348    i.prvSearchForNameWithinSingleList  tasks.o
    0x0800c676   0x0800c676   0x00000018   Code   RO         6349    i.prvTaskCheckFreeStackSpace  tasks.o
    0x0800c68e   0x0800c68e   0x00000002   PAD
    0x0800c690   0x0800c690   0x00000030   Code   RO         7156    i.prvTaskExitError  port.o
    0x0800c6c0   0x0800c6c0   0x000000e8   Code   RO         7089    i.pvPortMalloc      heap_4.o
    0x0800c7a8   0x0800c7a8   0x0000002c   Code   RO         7157    i.pxPortInitialiseStack  port.o
    0x0800c7d4   0x0800c7d4   0x0000050c   Code   RO         3964    i.quaternion2eulers  ins_task.o
    0x0800cce0   0x0800cce0   0x00000014   Code   RO         5182    i.remote_control_init  remote_control.o
    0x0800ccf4   0x0800ccf4   0x0000013c   Code   RO         5183    i.sbus_to_rc        remote_control.o
    0x0800ce30   0x0800ce30   0x0000006e   Code   RO         7587    i.sqrt              m_wm.l(sqrt.o)
    0x0800ce9e   0x0800ce9e   0x00000002   PAD
    0x0800cea0   0x0800cea0   0x00000054   Code   RO         4300    i.tim1              buzzer_task.o
    0x0800cef4   0x0800cef4   0x00000054   Code   RO         4301    i.tim2              buzzer_task.o
    0x0800cf48   0x0800cf48   0x00000054   Code   RO         4302    i.tim3              buzzer_task.o
    0x0800cf9c   0x0800cf9c   0x00000034   Code   RO         5532    i.uint_to_float     math_lib.o
    0x0800cfd0   0x0800cfd0   0x00000068   Code   RO         6352    i.ulTaskNotifyTake  tasks.o
    0x0800d038   0x0800d038   0x00000026   Code   RO         5959    i.uxListRemove      list.o
    0x0800d05e   0x0800d05e   0x00000002   PAD
    0x0800d060   0x0800d060   0x00000014   Code   RO         6355    i.uxTaskGetStackHighWaterMark  tasks.o
    0x0800d074   0x0800d074   0x00000018   Code   RO          272    i.vApplicationGetIdleTaskMemory  freertos.o
    0x0800d08c   0x0800d08c   0x00000016   Code   RO         5960    i.vListInitialise   list.o
    0x0800d0a2   0x0800d0a2   0x00000006   Code   RO         5961    i.vListInitialiseItem  list.o
    0x0800d0a8   0x0800d0a8   0x00000036   Code   RO         5962    i.vListInsert       list.o
    0x0800d0de   0x0800d0de   0x00000018   Code   RO         5963    i.vListInsertEnd    list.o
    0x0800d0f6   0x0800d0f6   0x00000002   PAD
    0x0800d0f8   0x0800d0f8   0x00000040   Code   RO         7159    i.vPortEnterCritical  port.o
    0x0800d138   0x0800d138   0x0000002c   Code   RO         7160    i.vPortExitCritical  port.o
    0x0800d164   0x0800d164   0x00000064   Code   RO         7090    i.vPortFree         heap_4.o
    0x0800d1c8   0x0800d1c8   0x00000024   Code   RO         7161    i.vPortSetupTimerInterrupt  port.o
    0x0800d1ec   0x0800d1ec   0x00000054   Code   RO         7162    i.vPortValidateInterruptPriority  port.o
    0x0800d240   0x0800d240   0x00000050   Code   RO         6360    i.vTaskDelay        tasks.o
    0x0800d290   0x0800d290   0x000000bc   Code   RO         6365    i.vTaskNotifyGiveFromISR  tasks.o
    0x0800d34c   0x0800d34c   0x00000088   Code   RO         6373    i.vTaskStartScheduler  tasks.o
    0x0800d3d4   0x0800d3d4   0x00000010   Code   RO         6375    i.vTaskSuspendAll   tasks.o
    0x0800d3e4   0x0800d3e4   0x00000060   Code   RO         6376    i.vTaskSwitchContext  tasks.o
    0x0800d444   0x0800d444   0x00000104   Code   RO         7163    i.xPortStartScheduler  port.o
    0x0800d548   0x0800d548   0x0000006c   Code   RO         6380    i.xTaskCreate       tasks.o
    0x0800d5b4   0x0800d5b4   0x00000060   Code   RO         6381    i.xTaskCreateStatic  tasks.o
    0x0800d614   0x0800d614   0x0000008c   Code   RO         6385    i.xTaskGetHandle    tasks.o
    0x0800d6a0   0x0800d6a0   0x0000001c   Code   RO         6386    i.xTaskGetSchedulerState  tasks.o
    0x0800d6bc   0x0800d6bc   0x000000d4   Code   RO         6389    i.xTaskIncrementTick  tasks.o
    0x0800d790   0x0800d790   0x000000cc   Code   RO         6395    i.xTaskResumeAll    tasks.o
    0x0800d85c   0x0800d85c   0x00000018   Code   RO         7315    x$fpl$basic         fz_wm.l(basic.o)
    0x0800d874   0x0800d874   0x00000062   Code   RO         7317    x$fpl$d2f           fz_wm.l(d2f.o)
    0x0800d8d6   0x0800d8d6   0x00000002   PAD
    0x0800d8d8   0x0800d8d8   0x00000150   Code   RO         7319    x$fpl$dadd          fz_wm.l(daddsub_clz.o)
    0x0800da28   0x0800da28   0x00000018   Code   RO         7639    x$fpl$dcmpinf       fz_wm.l(dcmpi.o)
    0x0800da40   0x0800da40   0x000002b0   Code   RO         7326    x$fpl$ddiv          fz_wm.l(ddiv.o)
    0x0800dcf0   0x0800dcf0   0x0000005e   Code   RO         7641    x$fpl$dfix          fz_wm.l(dfix.o)
    0x0800dd4e   0x0800dd4e   0x00000002   PAD
    0x0800dd50   0x0800dd50   0x0000005a   Code   RO         7329    x$fpl$dfixu         fz_wm.l(dfixu.o)
    0x0800ddaa   0x0800ddaa   0x0000002e   Code   RO         7334    x$fpl$dflt          fz_wm.l(dflt_clz.o)
    0x0800ddd8   0x0800ddd8   0x00000026   Code   RO         7333    x$fpl$dfltu         fz_wm.l(dflt_clz.o)
    0x0800ddfe   0x0800ddfe   0x00000002   PAD
    0x0800de00   0x0800de00   0x00000078   Code   RO         7510    x$fpl$dleqf         fz_wm.l(dleqf.o)
    0x0800de78   0x0800de78   0x00000154   Code   RO         7339    x$fpl$dmul          fz_wm.l(dmul.o)
    0x0800dfcc   0x0800dfcc   0x0000009c   Code   RO         7512    x$fpl$dnaninf       fz_wm.l(dnaninf.o)
    0x0800e068   0x0800e068   0x0000000c   Code   RO         7514    x$fpl$dretinf       fz_wm.l(dretinf.o)
    0x0800e074   0x0800e074   0x0000006c   Code   RO         7341    x$fpl$drleqf        fz_wm.l(drleqf.o)
    0x0800e0e0   0x0800e0e0   0x00000016   Code   RO         7320    x$fpl$drsb          fz_wm.l(daddsub_clz.o)
    0x0800e0f6   0x0800e0f6   0x00000002   PAD
    0x0800e0f8   0x0800e0f8   0x00000198   Code   RO         7645    x$fpl$dsqrt         fz_wm.l(dsqrt_umaal.o)
    0x0800e290   0x0800e290   0x000001d4   Code   RO         7321    x$fpl$dsub          fz_wm.l(daddsub_clz.o)
    0x0800e464   0x0800e464   0x00000056   Code   RO         7343    x$fpl$f2d           fz_wm.l(f2d.o)
    0x0800e4ba   0x0800e4ba   0x0000008c   Code   RO         7516    x$fpl$fnaninf       fz_wm.l(fnaninf.o)
    0x0800e546   0x0800e546   0x0000000a   Code   RO         7647    x$fpl$fpinit        fz_wm.l(fpinit.o)
    0x0800e550   0x0800e550   0x0000000a   Code   RO         7518    x$fpl$fretinf       fz_wm.l(fretinf.o)
    0x0800e55a   0x0800e55a   0x00000000   Code   RO         7520    x$fpl$usenofp       fz_wm.l(usenofp.o)
    0x0800e55a   0x0800e55a   0x00000002   PAD
    0x0800e55c   0x0800e55c   0x000000e0   Data   RO          274    .constdata          freertos.o
    0x0800e63c   0x0800e63c   0x00000008   Data   RO         1583    .constdata          stm32f4xx_hal_dma.o
    0x0800e644   0x0800e644   0x00000018   Data   RO         3921    .constdata          system_stm32f4xx.o
    0x0800e65c   0x0800e65c   0x00000024   Data   RO         4504    .constdata          move_task.o
    0x0800e680   0x0800e680   0x00000012   Data   RO         4821    .constdata          bmi088driver.o
    0x0800e692   0x0800e692   0x00000006   PAD
    0x0800e698   0x0800e698   0x00000050   Data   RO         7348    .constdata          m_wm.l(acos.o)
    0x0800e6e8   0x0800e6e8   0x00000098   Data   RO         7524    .constdata          m_wm.l(atan.o)
    0x0800e780   0x0800e780   0x00000030   Data   RO         7536    .constdata          m_wm.l(cos_i.o)
    0x0800e7b0   0x0800e7b0   0x00000008   Data   RO         7570    .constdata          m_wm.l(qnan.o)
    0x0800e7b8   0x0800e7b8   0x000000c8   Data   RO         7573    .constdata          m_wm.l(rred.o)
    0x0800e880   0x0800e880   0x00000020   Data   RO         7577    .constdata          m_wm.l(rredf.o)
    0x0800e8a0   0x0800e8a0   0x00000028   Data   RO         7580    .constdata          m_wm.l(sin_i.o)
    0x0800e8c8   0x0800e8c8   0x00000068   Data   RO          275    .conststring        freertos.o
    0x0800e930   0x0800e930   0x00000020   Data   RO         7731    Region$$Table       anon$$obj.o


    Execution Region RW_IRAM1 (Exec base: 0x20000000, Load base: 0x0800e950, Size: 0x00005068, Max: 0x0001c000, ABSOLUTE, COMPRESSED[0x00000074])

    Exec Addr    Load Addr    Size         Type   Attr      Idx    E Section Name        Object

    0x20000000   COMPRESSED   0x00000020   Data   RW          276    .data               freertos.o
    0x20000020   COMPRESSED   0x00000004   Data   RW          360    .data               can.o
    0x20000024   COMPRESSED   0x00000009   Data   RW         2015    .data               stm32f4xx_hal.o
    0x2000002d   COMPRESSED   0x00000003   PAD
    0x20000030   COMPRESSED   0x00000004   Data   RW         3922    .data               system_stm32f4xx.o
    0x20000034   COMPRESSED   0x0000005c   Data   RW         3966    .data               ins_task.o
    0x20000090   COMPRESSED   0x00000022   Data   RW         4170    .data               led_task.o
    0x200000b2   COMPRESSED   0x00000002   PAD
    0x200000b4   COMPRESSED   0x00000020   Data   RW         4228    .data               calibrate_task.o
    0x200000d4   COMPRESSED   0x00000002   Data   RW         4305    .data               buzzer_task.o
    0x200000d6   COMPRESSED   0x00000002   PAD
    0x200000d8   COMPRESSED   0x00000005   Data   RW         4405    .data               ps2_task.o
    0x200000dd   COMPRESSED   0x00000003   PAD
    0x200000e0   COMPRESSED   0x0000001d   Data   RW         4505    .data               move_task.o
    0x200000fd   COMPRESSED   0x00000002   Data   RW         4765    .data               mode_set_task.o
    0x200000ff   COMPRESSED   0x00000001   PAD
    0x20000100   COMPRESSED   0x0000002c   Data   RW         4822    .data               bmi088driver.o
    0x2000012c   COMPRESSED   0x00000004   Data   RW         5185    .data               remote_control.o
    0x20000130   COMPRESSED   0x00000008   Data   RW         5791    .data               bsp_delay.o
    0x20000138   COMPRESSED   0x00000008   Data   RW         5830    .data               bsp_led.o
    0x20000140   COMPRESSED   0x0000003c   Data   RW         6398    .data               tasks.o
    0x2000017c   COMPRESSED   0x00000020   Data   RW         7096    .data               heap_4.o
    0x2000019c   COMPRESSED   0x0000000c   Data   RW         7164    .data               port.o
    0x200001a8        -       0x00000254   Zero   RW          273    .bss                freertos.o
    0x200003fc        -       0x00000050   Zero   RW          359    .bss                can.o
    0x2000044c        -       0x00000170   Zero   RW          432    .bss                spi.o
    0x200005bc        -       0x00000120   Zero   RW          485    .bss                tim.o
    0x200006dc        -       0x000001ec   Zero   RW          563    .bss                usart.o
    0x200008c8        -       0x00000048   Zero   RW          794    .bss                stm32f4xx_hal_timebase_tim.o
    0x20000910        -       0x000000a4   Zero   RW         3965    .bss                ins_task.o
    0x200009b4        -       0x0000003c   Zero   RW         4404    .bss                ps2_task.o
    0x200009f0        -       0x00000216   Zero   RW         4503    .bss                move_task.o
    0x20000c06   COMPRESSED   0x00000002   PAD
    0x20000c08        -       0x000000d4   Zero   RW         5094    .bss                can_task.o
    0x20000cdc        -       0x00000014   Zero   RW         5184    .bss                remote_control.o
    0x20000cf0        -       0x00000024   Zero   RW         5745    .bss                bsp_usart.o
    0x20000d14        -       0x000000f0   Zero   RW         6397    .bss                tasks.o
    0x20000e04        -       0x00003c00   Zero   RW         7095    .bss                heap_4.o
    0x20004a04        -       0x00000060   Zero   RW         7598    .bss                c_w.l(libspace.o)
    0x20004a64   COMPRESSED   0x00000004   PAD
    0x20004a68        -       0x00000200   Zero   RW            2    HEAP                startup_stm32f407xx.o
    0x20004c68        -       0x00000400   Zero   RW            1    STACK               startup_stm32f407xx.o


    Execution Region RW_IRAM2 (Exec base: 0x2001c000, Load base: 0x0800e9c4, Size: 0x00000000, Max: 0x00004000, ABSOLUTE)

    **** No section assigned to this execution region ****


==============================================================================

Image component sizes


      Code (inc. data)   RO Data    RW Data    ZI Data      Debug   Object Name

      2338         40         18         44          0     580875   bmi088driver.o
       216         28          0          0          0       4796   bmi088middleware.o
        92          8          0          0          0        574   bsp_can.o
       128         20          0          8          0       1300   bsp_delay.o
       104         22          0          8          0        576   bsp_led.o
     10428        170          0          0          0       5634   bsp_spi.o
       156         14          0          0         36       1201   bsp_usart.o
       462         60          0          2          0       4330   buzzer_task.o
       510        120          0         32          0       3758   calibrate_task.o
       488         44          0          4         80       2458   can.o
       782         52          0          0        212       9323   can_task.o
       130          0          0          0          0      22955   cmsis_os.o
       152          6          0          0          0        846   dma.o
         0          0          0          0          0      16616   event_groups.o
        26          0          0          0          0        888   filter.o
       270         48        328         32        596       3184   freertos.o
       428         22          0          0          0       1191   gpio.o
       504         32          0         32      15360       7603   heap_4.o
      6112        360          0         92        164     600701   ins_task.o
       828         16          0         34          0       2467   led_task.o
       144          0          0          0          0       3610   list.o
       402         38          0          0          0     742340   main.o
       250          4          0          0          0       3628   math_lib.o
       154         12          0          2          0       3398   mode_set_task.o
      2956        342         36         29        534      16173   move_task.o
       390         10          0          0          0       3449   pid.o
       814         92          0         12          0      12037   port.o
       680         44          0          5         60       4401   ps2_task.o
       628         40          0          4         20       5788   remote_control.o
       604         54          0          0        368       2612   spi.o
        64         26        392          0       1536        844   startup_stm32f407xx.o
       136         24          0          9          0       8758   stm32f4xx_hal.o
      2134          6          0          0          0      14407   stm32f4xx_hal_can.o
       252         22          0          0          0      33702   stm32f4xx_hal_cortex.o
      1246         16          8          0          0       5399   stm32f4xx_hal_dma.o
       540         50          0          0          0       2759   stm32f4xx_hal_gpio.o
        84          6          0          0          0        870   stm32f4xx_hal_msp.o
      1888         94          0          0          0       6313   stm32f4xx_hal_rcc.o
      1078         14          0          0          0       4689   stm32f4xx_hal_spi.o
      2390        142          0          0          0      15950   stm32f4xx_hal_tim.o
       184         30          0          0          0       2513   stm32f4xx_hal_tim_ex.o
       180         20          0          0         72       1479   stm32f4xx_hal_timebase_tim.o
      1918         14          0          0          0       9604   stm32f4xx_hal_uart.o
       196         54          0          0          0       8900   stm32f4xx_it.o
        20          6         24          4          0       1139   system_stm32f4xx.o
      2314        194          0         60        240      27773   tasks.o
       976         90          0          0        288       5163   tim.o
       876         86          0          0        492       5265   usart.o

    ----------------------------------------------------------------------
     47708       2596        844        424      20060    2224239   Object Totals
         0          0         32          0          0          0   (incl. Generated)
        56          4          6         11          2          0   (incl. Padding)

    ----------------------------------------------------------------------

      Code (inc. data)   RO Data    RW Data    ZI Data      Debug   Library Member Name

        90          0          0          0          0          0   __dczerorl2.o
         8          0          0          0          0         68   __main.o
         0          0          0          0          0          0   __rtentry.o
        12          0          0          0          0          0   __rtentry2.o
         6          0          0          0          0          0   __rtentry4.o
        52          8          0          0          0          0   __scatter.o
        28          0          0          0          0          0   __scatter_zi.o
        22          0          0          0          0        100   _rserrno.o
        16          0          0          0          0         68   aeabi_memset.o
        18          0          0          0          0         80   exit.o
         6          0          0          0          0        152   heapauxi.o
         2          0          0          0          0          0   libinit.o
         6          0          0          0          0          0   libinit2.o
         2          0          0          0          0          0   libshutdown.o
         2          0          0          0          0          0   libshutdown2.o
         8          4          0          0         96         68   libspace.o
       238          0          0          0          0        100   lludivv7m.o
         8          4          0          0          0         68   rt_errno_addr_intlibspace.o
        68          0          0          0          0         68   rt_memclr.o
        78          0          0          0          0         80   rt_memclr_w.o
       100          0          0          0          0         80   rt_memcpy_w.o
         2          0          0          0          0          0   rtexit.o
        10          0          0          0          0          0   rtexit2.o
        62          0          0          0          0         76   strlen.o
        74          0          0          0          0         80   sys_stackheap_outer.o
         2          0          0          0          0         68   use_no_semi.o
         2          0          0          0          0         68   use_no_semi_2.o
        24          0          0          0          0        164   basic.o
        98          4          0          0          0        140   d2f.o
       826         16          0          0          0        492   daddsub_clz.o
        24          0          0          0          0        116   dcmpi.o
       688        140          0          0          0        256   ddiv.o
        94          4          0          0          0        140   dfix.o
        90          4          0          0          0        140   dfixu.o
        84          0          0          0          0        232   dflt_clz.o
       120          4          0          0          0        140   dleqf.o
       340         12          0          0          0        152   dmul.o
       156          4          0          0          0        140   dnaninf.o
        12          0          0          0          0        116   dretinf.o
       108          0          0          0          0        128   drleqf.o
       408         56          0          0          0        168   dsqrt_umaal.o
        86          4          0          0          0        132   f2d.o
       140          4          0          0          0        132   fnaninf.o
        10          0          0          0          0        116   fpinit.o
        10          0          0          0          0        116   fretinf.o
         0          0          0          0          0          0   usenofp.o
       856        118         80          0          0        288   acos.o
       744        106        152          0          0        352   atan.o
       496         64          0          0          0        192   atan2.o
       592         90          0          0          0        184   atan2f.o
       368         46         48          0          0        200   cos_i.o
       336         56          0          0          0        136   cosf.o
       104         16          0          0          0        496   dunder.o
        44          0          0          0          0        248   fabs.o
        48          0          0          0          0        124   fpclassify.o
        38          0          0          0          0        116   fpclassifyf.o
        44         12          0          0          0        464   funder.o
       248          0          0          0          0        152   poly.o
         0          0          8          0          0          0   qnan.o
      1080        142        200          0          0        188   rred.o
       340         24         32          0          0        160   rredf.o
       200         20          0          0          0        164   sin.o
       304         24         40          0          0        208   sin_i.o
       400         56          0          0          0        212   sinf.o
       110          0          0          0          0        148   sqrt.o

    ----------------------------------------------------------------------
     10616       1042        560          0        100       8276   Library Totals
        24          0          0          0          4          0   (incl. Padding)

    ----------------------------------------------------------------------

      Code (inc. data)   RO Data    RW Data    ZI Data      Debug   Library Name

       922         16          0          0         96       1224   c_w.l
      3318        252          0          0          0       3020   fz_wm.l
      6352        774        560          0          0       4032   m_wm.l

    ----------------------------------------------------------------------
     10616       1042        560          0        100       8276   Library Totals

    ----------------------------------------------------------------------

==============================================================================


      Code (inc. data)   RO Data    RW Data    ZI Data      Debug   

     58324       3638       1404        424      20160    2202443   Grand Totals
     58324       3638       1404        116      20160    2202443   ELF Image Totals (compressed)
     58324       3638       1404        116          0          0   ROM Totals

==============================================================================

    Total RO  Size (Code + RO Data)                59728 (  58.33kB)
    Total RW  Size (RW Data + ZI Data)             20584 (  20.10kB)
    Total ROM Size (Code + RO Data + RW Data)      59844 (  58.44kB)

==============================================================================

