<html>
<body>
<pre>
<h1>µVision Build Log</h1>
<h2>Tool Versions:</h2>
IDE-Version: ¶ÃVision V5.28.0.0
Copyright (C) 2019 ARM Ltd and ARM Germany GmbH. All rights reserved.
License Information: 1 1, 1, LIC=QF8TG-V1GT8-W2ELL-0MCK2-IVFY4-1W1SU
 
Tool Versions:
Toolchain:       MDK-ARM Plus  Version: 5.28.0.0
Toolchain Path:  E:\MDK528\ARM\ARMCC\Bin
C Compiler:      Armcc.exe V5.06 update 6 (build 750)
Assembler:       Armasm.exe V5.06 update 6 (build 750)
Linker/Locator:  ArmLink.exe V5.06 update 6 (build 750)
Library Manager: ArmAr.exe V5.06 update 6 (build 750)
Hex Converter:   FromElf.exe V5.06 update 6 (build 750)
CPU DLL:         SARMCM3.DLL V5.28.0.0
Dialog DLL:      DCM.DLL V1.17.3.0
Target DLL:      CMSIS_AGDI.dll V1.31.18.0
Dialog DLL:      TCM.DLL V1.36.2.0
 
<h2>Project:</h2>
E:\≤ƒ¡œ\25-26…œ\Robot_Head_Demo\MDK-ARM\air_force.uvprojx
Project File Date:  11/06/2025

<h2>Output:</h2>
*** Using Compiler 'V5.06 update 6 (build 750)', folder: 'E:\MDK528\ARM\ARMCC\Bin'
Build target 'air_force'
compiling move_task.c...
..\application\move_task.c(222): warning:  #177-D: variable "DM_pid1"  was declared but never referenced
  		const static fp32 DM_pid1[3] = {DM4310PosPid1_Yaw_kp,DM4310PosPid1_Yaw_ki,DM4310PosPid1_Yaw_kd};
..\application\move_task.c(223): warning:  #177-D: variable "DM_pid2"  was declared but never referenced
  		const static fp32 DM_pid2[3] = {DM4310PosPid2_Yaw_kp,DM4310PosPid2_Yaw_ki,DM4310PosPid2_Yaw_kd};		
..\application\move_task.c(498): warning:  #1035-D: single-precision operand implicitly converted to double-precision
  			if(scan_t > 6*PI/0.03)
..\application\move_task.c(508): warning:  #1035-D: single-precision operand implicitly converted to double-precision
  			move_data.pit_motor_data.gyro_angle_set += ps2.joystick[1]*PS2_Coef_Pit*0.5;		
..\application\move_task.c(571): warning:  #1035-D: single-precision operand implicitly converted to double-precision
  			if(scan_t > 6*PI/0.02)
..\application\move_task.c(601): warning:  #1035-D: single-precision operand implicitly converted to double-precision
  			if(scan_t > 4*PI/0.0025)
..\application\move_task.c: 6 warnings, 0 errors
linking...
Program Size: Code=60656 RO-data=1400 RW-data=440 ZI-data=20896  
FromELF: creating hex file...
"air_force\air_force.axf" - 0 Error(s), 6 Warning(s).

<h2>Software Packages used:</h2>

Package Vendor: ARM
                http://www.keil.com/pack/ARM.CMSIS.5.5.1.pack
                ARM.CMSIS.5.5.1
                CMSIS (Cortex Microcontroller Software Interface Standard)
   * Component: CORE Version: 5.2.0

Package Vendor: Keil
                http://www.keil.com/pack/Keil.STM32F4xx_DFP.2.13.0.pack
                Keil.STM32F4xx_DFP.2.13.0
                STMicroelectronics STM32F4 Series Device Support, Drivers and Examples

<h2>Collection of Component include folders:</h2>
  .\RTE\_air_force
  E:\MDK528\Packs\ARM\CMSIS\5.5.1\CMSIS\Core\Include
  E:\MDK528\Packs\Keil\STM32F4xx_DFP\2.13.0\Drivers\CMSIS\Device\ST\STM32F4xx\Include

<h2>Collection of Component Files used:</h2>

   * Component: ARM::CMSIS:CORE:5.2.0
Build Time Elapsed:  00:00:02
</pre>
</body>
</html>
